This is pdfTeX, Version 3.141592653-2.6-1.40.28 (MiKTeX 25.12) (preloaded format=pdflatex 2026.3.22)  28 MAY 2026 13:50
entering extended mode
 \write18 enabled.
 %&-line parsing enabled.
**./Report.tex
(Report.tex
LaTeX2e <2025-11-01>
L3 programming layer <2025-12-24>
(C:\Users\liula\AppData\Local\Programs\MiKTeX\tex/latex/base\article.cls
Document Class: article 2025/01/22 v1.4n Standard LaTeX document class
(C:\Users\liula\AppData\Local\Programs\MiKTeX\tex/latex/base\size11.clo
File: size11.clo 2025/01/22 v1.4n Standard LaTeX file (size option)
)
\c@part=\count275
\c@section=\count276
\c@subsection=\count277
\c@subsubsection=\count278
\c@paragraph=\count279
\c@subparagraph=\count280
\c@figure=\count281
\c@table=\count282
\abovecaptionskip=\skip49
\belowcaptionskip=\skip50
\bibindent=\dimen148
)
(preamble.tex
(C:\Users\liula\AppData\Local\Programs\MiKTeX\tex/latex/geometry\geometry.sty
Package: geometry 2026/03/07 v6.0 Page Geometry

(C:\Users\liula\AppData\Local\Programs\MiKTeX\tex/latex/graphics\keyval.sty
Package: keyval 2022/05/29 v1.15 key=value parser (DPC)
\KV@toks@=\toks17
)
(C:\Users\liula\AppData\Local\Programs\MiKTeX\tex/generic/iftex\ifvtex.sty
Package: ifvtex 2019/10/25 v1.7 ifvtex legacy package. Use iftex instead.

(C:\Users\liula\AppData\Local\Programs\MiKTeX\tex/generic/iftex\iftex.sty
Package: iftex 2024/12/12 v1.0g TeX engine tests
))
\Gm@cnth=\count283
\Gm@cntv=\count284
\c@Gm@tempcnt=\count285
\Gm@bindingoffset=\dimen149
\Gm@wd@mp=\dimen150
\Gm@odd@mp=\dimen151
\Gm@even@mp=\dimen152
\Gm@layoutwidth=\dimen153
\Gm@layoutheight=\dimen154
\Gm@layouthoffset=\dimen155
\Gm@layoutvoffset=\dimen156
\Gm@dimlist=\toks18

(C:\Users\liula\AppData\Local\Programs\MiKTeX\tex/latex/geometry\geometry.cfg))
(C:\Users\liula\AppData\Local\Programs\MiKTeX\tex/latex/amsfonts\amsfonts.sty
Package: amsfonts 2013/01/14 v3.01 Basic AMSFonts support
\@emptytoks=\toks19
\symAMSa=\mathgroup4
\symAMSb=\mathgroup5
LaTeX Font Info:    Redeclaring math symbol \hbar on input line 98.
LaTeX Font Info:    Overwriting math alphabet `\mathfrak' in version `bold'
(Font)                  U/euf/m/n --> U/euf/b/n on input line 106.
)
(C:\Users\liula\AppData\Local\Programs\MiKTeX\tex/latex/amscls\amsthm.sty
Package: amsthm 2020/05/29 v2.20.6
\thm@style=\toks20
\thm@bodyfont=\toks21
\thm@headfont=\toks22
\thm@notefont=\toks23
\thm@headpunct=\toks24
\thm@preskip=\skip51
\thm@postskip=\skip52
\thm@headsep=\skip53
\dth@everypar=\toks25
)
(C:\Users\liula\AppData\Local\Programs\MiKTeX\tex/latex/amsmath\amsmath.sty
Package: amsmath 2025/07/09 v2.17z AMS math features
\@mathmargin=\skip54

For additional information on amsmath, use the `?' option.
(C:\Users\liula\AppData\Local\Programs\MiKTeX\tex/latex/amsmath\amstext.sty
Package: amstext 2024/11/17 v2.01 AMS text

(C:\Users\liula\AppData\Local\Programs\MiKTeX\tex/latex/amsmath\amsgen.sty
File: amsgen.sty 1999/11/30 v2.0 generic functions
\@emptytoks=\toks26
\ex@=\dimen157
))
(C:\Users\liula\AppData\Local\Programs\MiKTeX\tex/latex/amsmath\amsbsy.sty
Package: amsbsy 1999/11/29 v1.2d Bold Symbols
\pmbraise@=\dimen158
)
(C:\Users\liula\AppData\Local\Programs\MiKTeX\tex/latex/amsmath\amsopn.sty
Package: amsopn 2022/04/08 v2.04 operator names
)
\inf@bad=\count286
LaTeX Info: Redefining \frac on input line 233.
\uproot@=\count287
\leftroot@=\count288
LaTeX Info: Redefining \overline on input line 398.
LaTeX Info: Redefining \colon on input line 409.
\classnum@=\count289
\DOTSCASE@=\count290
LaTeX Info: Redefining \ldots on input line 495.
LaTeX Info: Redefining \dots on input line 498.
LaTeX Info: Redefining \cdots on input line 619.
\Mathstrutbox@=\box53
\strutbox@=\box54
LaTeX Info: Redefining \big on input line 721.
LaTeX Info: Redefining \Big on input line 722.
LaTeX Info: Redefining \bigg on input line 723.
LaTeX Info: Redefining \Bigg on input line 724.
\big@size=\dimen159
LaTeX Font Info:    Redeclaring font encoding OML on input line 742.
LaTeX Font Info:    Redeclaring font encoding OMS on input line 743.
\macc@depth=\count291
LaTeX Info: Redefining \bmod on input line 904.
LaTeX Info: Redefining \pmod on input line 909.
LaTeX Info: Redefining \smash on input line 939.
LaTeX Info: Redefining \relbar on input line 969.
LaTeX Info: Redefining \Relbar on input line 970.
\c@MaxMatrixCols=\count292
\dotsspace@=\muskip17
\c@parentequation=\count293
\dspbrk@lvl=\count294
\tag@help=\toks27
\row@=\count295
\column@=\count296
\maxfields@=\count297
\andhelp@=\toks28
\eqnshift@=\dimen160
\alignsep@=\dimen161
\tagshift@=\dimen162
\tagwidth@=\dimen163
\totwidth@=\dimen164
\lineht@=\dimen165
\@envbody=\toks29
\multlinegap=\skip55
\multlinetaggap=\skip56
\mathdisplay@stack=\toks30
LaTeX Info: Redefining \[ on input line 2950.
LaTeX Info: Redefining \] on input line 2951.
)
(C:\Users\liula\AppData\Local\Programs\MiKTeX\tex/latex/parskip\parskip.sty
Package: parskip 2021-03-14 v2.0h non-zero parskip adjustments

(C:\Users\liula\AppData\Local\Programs\MiKTeX\tex/latex/kvoptions\kvoptions.sty
Package: kvoptions 2022-06-15 v3.15 Key value format for package options (HO)
(C:\Users\liula\AppData\Local\Programs\MiKTeX\tex/generic/ltxcmds\ltxcmds.sty
Package: ltxcmds 2023-12-04 v1.26 LaTeX kernel commands for general use (HO)
)
(C:\Users\liula\AppData\Local\Programs\MiKTeX\tex/latex/kvsetkeys\kvsetkeys.sty
Package: kvsetkeys 2022-10-05 v1.19 Key value parser (HO)
))
(C:\Users\liula\AppData\Local\Programs\MiKTeX\tex/latex/etoolbox\etoolbox.sty
Package: etoolbox 2025/10/02 v2.5m e-TeX tools for LaTeX (JAW)
\etb@tempcnta=\count298
)) (C:\Users\liula\AppData\Local\Programs\MiKTeX\tex/latex/jknappen\mathrsfs.st
y
Package: mathrsfs 1996/01/01 Math RSFS package v1.0 (jk)
\symrsfs=\mathgroup6
) (C:\Users\liula\AppData\Local\Programs\MiKTeX\tex/latex/graphics\graphicx.sty
Package: graphicx 2024/12/31 v1.2e Enhanced LaTeX Graphics (DPC,SPQR)

(C:\Users\liula\AppData\Local\Programs\MiKTeX\tex/latex/graphics\graphics.sty
Package: graphics 2024/08/06 v1.4g Standard LaTeX Graphics (DPC,SPQR)

(C:\Users\liula\AppData\Local\Programs\MiKTeX\tex/latex/graphics\trig.sty
Package: trig 2023/12/02 v1.11 sin cos tan (DPC)
)
(C:\Users\liula\AppData\Local\Programs\MiKTeX\tex/latex/graphics-cfg\graphics.c
fg
File: graphics.cfg 2016/06/04 v1.11 sample graphics configuration
)
Package graphics Info: Driver file: pdftex.def on input line 106.

(C:\Users\liula\AppData\Local\Programs\MiKTeX\tex/latex/graphics-def\pdftex.def
File: pdftex.def 2025/09/29 v1.2d Graphics/color driver for pdftex
))
\Gin@req@height=\dimen166
\Gin@req@width=\dimen167
)
(C:\Users\liula\AppData\Local\Programs\MiKTeX\tex/latex/amsfonts\amssymb.sty
Package: amssymb 2013/01/14 v3.01 AMS font symbols
)
(C:\Users\liula\AppData\Local\Programs\MiKTeX\tex/latex/xtab\xtab.sty
Package: xtab 2011/07/31 v2.3f Extended supertabular package
\c@tracingst=\count299
\PWSTcapht=\dimen168
\ST@wd=\dimen169
\ST@rightskip=\skip57
\ST@leftskip=\skip58
\ST@parfillskip=\skip59
\c@PWSTtable=\count300
\PWSTlastpage=\count301
\PWSTpenultimate=\count302
\PWSTcurpage=\count303
\PWSTtempc=\count304
\PWSTlines=\count305
\PWST@lastht=\dimen170
\PWST@generalht=\dimen171
\PWST@ht=\dimen172
\ST@pageleft=\dimen173
\ST@headht=\dimen174
\ST@tailht=\dimen175
\ST@pagesofar=\dimen176
\ST@pboxht=\dimen177
\ST@lineht=\dimen178
\ST@stretchht=\dimen179
\ST@prevht=\dimen180
\ST@toadd=\dimen181
\ST@dimen=\dimen182
\ST@pbox=\box55
)
(C:\Users\liula\AppData\Local\Programs\MiKTeX\tex/latex/hyperref\hyperref.sty
Package: hyperref 2025-07-12 v7.01o Hypertext links for LaTeX

(C:\Users\liula\AppData\Local\Programs\MiKTeX\tex/generic/kvdefinekeys\kvdefine
keys.sty
Package: kvdefinekeys 2019-12-19 v1.6 Define keys (HO)
)
(C:\Users\liula\AppData\Local\Programs\MiKTeX\tex/generic/pdfescape\pdfescape.s
ty
Package: pdfescape 2019/12/09 v1.15 Implements pdfTeX's escape features (HO)

(C:\Users\liula\AppData\Local\Programs\MiKTeX\tex/generic/pdftexcmds\pdftexcmds
.sty
Package: pdftexcmds 2020-06-27 v0.33 Utility functions of pdfTeX for LuaTeX (HO
)

(C:\Users\liula\AppData\Local\Programs\MiKTeX\tex/generic/infwarerr\infwarerr.s
ty
Package: infwarerr 2019/12/03 v1.5 Providing info/warning/error messages (HO)
)
Package pdftexcmds Info: \pdf@primitive is available.
Package pdftexcmds Info: \pdf@ifprimitive is available.
Package pdftexcmds Info: \pdfdraftmode found.
))
(C:\Users\liula\AppData\Local\Programs\MiKTeX\tex/latex/hycolor\hycolor.sty
Package: hycolor 2020-01-27 v1.10 Color options for hyperref/bookmark (HO)
)
(C:\Users\liula\AppData\Local\Programs\MiKTeX\tex/latex/hyperref\nameref.sty
Package: nameref 2025-06-21 v2.57 Cross-referencing by name of section

(C:\Users\liula\AppData\Local\Programs\MiKTeX\tex/latex/refcount\refcount.sty
Package: refcount 2019/12/15 v3.6 Data extraction from label references (HO)
)
(C:\Users\liula\AppData\Local\Programs\MiKTeX\tex/generic/gettitlestring\gettit
lestring.sty
Package: gettitlestring 2019/12/15 v1.6 Cleanup title references (HO)
)
\c@section@level=\count306
)
(C:\Users\liula\AppData\Local\Programs\MiKTeX\tex/generic/stringenc\stringenc.s
ty
Package: stringenc 2019/11/29 v1.12 Convert strings between diff. encodings (HO
)
)
\@linkdim=\dimen183
\Hy@linkcounter=\count307
\Hy@pagecounter=\count308
 (C:\Users\liula\AppData\Local\Programs\MiKTeX\tex/latex/hyperref\pd1enc.def
File: pd1enc.def 2025-07-12 v7.01o Hyperref: PDFDocEncoding definition (HO)
Now handling font encoding PD1 ...
... no UTF-8 mapping file for font encoding PD1
) (C:\Users\liula\AppData\Local\Programs\MiKTeX\tex/generic/intcalc\intcalc.sty
Package: intcalc 2019/12/15 v1.3 Expandable calculations with integers (HO)
)
\Hy@SavedSpaceFactor=\count309
 (C:\Users\liula\AppData\Local\Programs\MiKTeX\tex/latex/hyperref\puenc.def
File: puenc.def 2025-07-12 v7.01o Hyperref: PDF Unicode definition (HO)
Now handling font encoding PU ...
... no UTF-8 mapping file for font encoding PU
)
Package hyperref Info: Hyper figures OFF on input line 4195.
Package hyperref Info: Link nesting OFF on input line 4200.
Package hyperref Info: Hyper index ON on input line 4203.
Package hyperref Info: Plain pages OFF on input line 4210.
Package hyperref Info: Backreferencing OFF on input line 4215.
Package hyperref Info: Implicit mode ON; LaTeX internals redefined.
Package hyperref Info: Bookmarks ON on input line 4462.
\c@Hy@tempcnt=\count310

(C:\Users\liula\AppData\Local\Programs\MiKTeX\tex/latex/url\url.sty
\Urlmuskip=\muskip18
Package: url 2013/09/16  ver 3.4  Verb mode for urls, etc.
)
LaTeX Info: Redefining \url on input line 4801.
\XeTeXLinkMargin=\dimen184

(C:\Users\liula\AppData\Local\Programs\MiKTeX\tex/generic/bitset\bitset.sty
Package: bitset 2019/12/09 v1.3 Handle bit-vector datatype (HO)

(C:\Users\liula\AppData\Local\Programs\MiKTeX\tex/generic/bigintcalc\bigintcalc
.sty
Package: bigintcalc 2019/12/15 v1.5 Expandable calculations on big integers (HO
)
))
\Fld@menulength=\count311
\Field@Width=\dimen185
\Fld@charsize=\dimen186
Package hyperref Info: Hyper figures OFF on input line 6078.
Package hyperref Info: Link nesting OFF on input line 6083.
Package hyperref Info: Hyper index ON on input line 6086.
Package hyperref Info: backreferencing OFF on input line 6093.
Package hyperref Info: Link coloring OFF on input line 6098.
Package hyperref Info: Link coloring with OCG OFF on input line 6103.
Package hyperref Info: PDF/A mode OFF on input line 6108.
\Hy@abspage=\count312
\c@Item=\count313
\c@Hfootnote=\count314
)
Package hyperref Info: Driver (autodetected): hpdftex.

(C:\Users\liula\AppData\Local\Programs\MiKTeX\tex/latex/hyperref\hpdftex.def
File: hpdftex.def 2025-07-12 v7.01o Hyperref driver for pdfTeX
\Fld@listcount=\count315
\c@bookmark@seq@number=\count316

(C:\Users\liula\AppData\Local\Programs\MiKTeX\tex/latex/rerunfilecheck\rerunfil
echeck.sty
Package: rerunfilecheck 2025-06-21 v1.11 Rerun checks for auxiliary files (HO)

(C:\Users\liula\AppData\Local\Programs\MiKTeX\tex/generic/uniquecounter\uniquec
ounter.sty
Package: uniquecounter 2019/12/15 v1.4 Provide unlimited unique counter (HO)
)
Package uniquecounter Info: New unique counter `rerunfilecheck' on input line 2
84.
)
\Hy@SectionHShift=\skip60
)
(C:\Users\liula\AppData\Local\Programs\MiKTeX\tex/latex/setspace\setspace.sty
Package: setspace 2022/12/04 v6.7b set line spacing
)
(C:\Users\liula\AppData\Local\Programs\MiKTeX\tex/latex/datetime\datetime.sty
Package: datetime 2015/03/20 v2.60 Date Time Package

(C:\Users\liula\AppData\Local\Programs\MiKTeX\tex/latex/fmtcount\fmtcount.sty
Package: fmtcount 2025/12/02 v3.12 Displaying the values of LaTeX counters (NT,
VB,NE)

(C:\Users\liula\AppData\Local\Programs\MiKTeX\tex/latex/base\ifthen.sty
Package: ifthen 2024/03/16 v1.1e Standard LaTeX ifthen package (DPC)
)
(C:\Users\liula\AppData\Local\Programs\MiKTeX\tex/latex/xkeyval\xkeyval.sty
Package: xkeyval 2022/06/16 v2.9 package option processing (HA)

(C:\Users\liula\AppData\Local\Programs\MiKTeX\tex/generic/xkeyval\xkeyval.tex
(C:\Users\liula\AppData\Local\Programs\MiKTeX\tex/generic/xkeyval\xkvutils.tex
\XKV@toks=\toks31
\XKV@tempa@toks=\toks32
)
\XKV@depth=\count317
File: xkeyval.tex 2014/12/03 v2.7a key=value parser (HA)
))
(C:\Users\liula\AppData\Local\Programs\MiKTeX\tex/latex/fmtcount\fcprefix.sty
Package: fcprefix 2012/09/28

(C:\Users\liula\AppData\Local\Programs\MiKTeX\tex/latex/fmtcount\fcnumparser.st
y
Package: fcnumparser 2017/06/15
\fc@digit@counter=\count318
))
\c@padzeroesN=\count319
\fc@tmpcatcode=\count320
\@DT@modctr=\count321
\@ordinalctr=\count322
\@orgargctr=\count323
\@strctr=\count324
\@tmpstrctr=\count325
\@DT@loopN=\count326
\@DT@X=\count327
)
(C:\Users\liula\AppData\Local\Programs\MiKTeX\tex/latex/datetime\datetime-defau
lts.sty
Package: datetime-defaults 2013/09/10
)
\@day=\count328
\@month=\count329
\@year=\count330
\c@HOUR=\count331
\c@HOURXII=\count332
\c@MINUTE=\count333
\c@TOHOUR=\count334
\c@TOMINUTE=\count335
\c@SECOND=\count336
\currenthour=\count337
\currentminute=\count338
\currentsecond=\count339
Package datetime Info: No datetime.cfg file found, using default settings on in
put line 308.
\@dtctr=\count340
\dayofyear=\count341
\dayofweek=\count342
LaTeX Info: Redefining \today on input line 736.
\dt@a=\toks33
\dt@b=\toks34
)
(C:\Users\liula\AppData\Local\Programs\MiKTeX\tex/latex/physics\physics.sty
Package: physics 

(C:\Users\liula\AppData\Local\Programs\MiKTeX\tex/latex/l3packages/xparse\xpars
e.sty
(C:\Users\liula\AppData\Local\Programs\MiKTeX\tex/latex/l3kernel\expl3.sty
Package: expl3 2025-12-24 L3 programming layer (loader) 

(C:\Users\liula\AppData\Local\Programs\MiKTeX\tex/latex/l3backend\l3backend-pdf
tex.def
File: l3backend-pdftex.def 2025-10-09 L3 backend support: PDF output (pdfTeX)
\l__color_backend_stack_int=\count343
))
Package: xparse 2025-10-09 L3 Experimental document command parser
))
(C:\Users\liula\AppData\Local\Programs\MiKTeX\tex/latex/psnfss\mathpazo.sty
Package: mathpazo 2020/03/25 PSNFSS-v9.3 Palatino w/ Pazo Math (D.Puga, WaS) 
\symupright=\mathgroup7
)
(C:\Users\liula\AppData\Local\Programs\MiKTeX\tex/latex/amsmath\amscd.sty
Package: amscd 2017/04/14 v2.1 AMS Commutative Diagrams
\athelp@=\toks35
\minaw@=\dimen187
\bigaw@=\dimen188
\minCDarrowwidth=\dimen189
)
(C:\Users\liula\AppData\Local\Programs\MiKTeX\tex/latex/tikz-cd\tikz-cd.sty
Package: tikz-cd 2021/05/04 v1.0 Commutative diagrams with TikZ

(C:\Users\liula\AppData\Local\Programs\MiKTeX\tex/latex/pgf/frontendlayer\tikz.
sty
(C:\Users\liula\AppData\Local\Programs\MiKTeX\tex/latex/pgf/basiclayer\pgf.sty
(C:\Users\liula\AppData\Local\Programs\MiKTeX\tex/latex/pgf/utilities\pgfrcs.st
y
(C:\Users\liula\AppData\Local\Programs\MiKTeX\tex/generic/pgf/utilities\pgfutil
-common.tex
\pgfutil@everybye=\toks36
\pgfutil@tempdima=\dimen190
\pgfutil@tempdimb=\dimen191
)
(C:\Users\liula\AppData\Local\Programs\MiKTeX\tex/generic/pgf/utilities\pgfutil
-latex.def
\pgfutil@abb=\box56
)
(C:\Users\liula\AppData\Local\Programs\MiKTeX\tex/generic/pgf/utilities\pgfrcs.
code.tex
(C:\Users\liula\AppData\Local\Programs\MiKTeX\tex/generic/pgf\pgf.revision.tex)
Package: pgfrcs 2025-08-29 v3.1.11a (3.1.11a)
))
Package: pgf 2025-08-29 v3.1.11a (3.1.11a)

(C:\Users\liula\AppData\Local\Programs\MiKTeX\tex/latex/pgf/basiclayer\pgfcore.
sty
(C:\Users\liula\AppData\Local\Programs\MiKTeX\tex/latex/pgf/systemlayer\pgfsys.
sty
(C:\Users\liula\AppData\Local\Programs\MiKTeX\tex/generic/pgf/systemlayer\pgfsy
s.code.tex
Package: pgfsys 2025-08-29 v3.1.11a (3.1.11a)

(C:\Users\liula\AppData\Local\Programs\MiKTeX\tex/generic/pgf/utilities\pgfkeys
.code.tex
\pgfkeys@pathtoks=\toks37
\pgfkeys@temptoks=\toks38

(C:\Users\liula\AppData\Local\Programs\MiKTeX\tex/generic/pgf/utilities\pgfkeys
libraryfiltered.code.tex
\pgfkeys@tmptoks=\toks39
))
\pgf@x=\dimen192
\pgf@y=\dimen193
\pgf@xa=\dimen194
\pgf@ya=\dimen195
\pgf@xb=\dimen196
\pgf@yb=\dimen197
\pgf@xc=\dimen198
\pgf@yc=\dimen199
\pgf@xd=\dimen256
\pgf@yd=\dimen257
\w@pgf@writea=\write3
\r@pgf@reada=\read2
\c@pgf@counta=\count344
\c@pgf@countb=\count345
\c@pgf@countc=\count346
\c@pgf@countd=\count347
\t@pgf@toka=\toks40
\t@pgf@tokb=\toks41
\t@pgf@tokc=\toks42
\pgf@sys@id@count=\count348

(C:\Users\liula\AppData\Local\Programs\MiKTeX\tex/generic/pgf/systemlayer\pgf.c
fg
File: pgf.cfg 2025-08-29 v3.1.11a (3.1.11a)
)
Driver file for pgf: pgfsys-pdftex.def

(C:\Users\liula\AppData\Local\Programs\MiKTeX\tex/generic/pgf/systemlayer\pgfsy
s-pdftex.def
File: pgfsys-pdftex.def 2025-08-29 v3.1.11a (3.1.11a)

(C:\Users\liula\AppData\Local\Programs\MiKTeX\tex/generic/pgf/systemlayer\pgfsy
s-common-pdf.def
File: pgfsys-common-pdf.def 2025-08-29 v3.1.11a (3.1.11a)
)))
(C:\Users\liula\AppData\Local\Programs\MiKTeX\tex/generic/pgf/systemlayer\pgfsy
ssoftpath.code.tex
File: pgfsyssoftpath.code.tex 2025-08-29 v3.1.11a (3.1.11a)
\pgfsyssoftpath@smallbuffer@items=\count349
\pgfsyssoftpath@bigbuffer@items=\count350
)
(C:\Users\liula\AppData\Local\Programs\MiKTeX\tex/generic/pgf/systemlayer\pgfsy
sprotocol.code.tex
File: pgfsysprotocol.code.tex 2025-08-29 v3.1.11a (3.1.11a)
))
(C:\Users\liula\AppData\Local\Programs\MiKTeX\tex/latex/xcolor\xcolor.sty
Package: xcolor 2024/09/29 v3.02 LaTeX color extensions (UK)

(C:\Users\liula\AppData\Local\Programs\MiKTeX\tex/latex/graphics-cfg\color.cfg
File: color.cfg 2016/01/02 v1.6 sample color configuration
)
Package xcolor Info: Driver file: pdftex.def on input line 274.
(C:\Users\liula\AppData\Local\Programs\MiKTeX\tex/latex/graphics\mathcolor.ltx)
Package xcolor Info: Model `cmy' substituted by `cmy0' on input line 1349.
Package xcolor Info: Model `hsb' substituted by `rgb' on input line 1353.
Package xcolor Info: Model `RGB' extended on input line 1365.
Package xcolor Info: Model `HTML' substituted by `rgb' on input line 1367.
Package xcolor Info: Model `Hsb' substituted by `hsb' on input line 1368.
Package xcolor Info: Model `tHsb' substituted by `hsb' on input line 1369.
Package xcolor Info: Model `HSB' substituted by `hsb' on input line 1370.
Package xcolor Info: Model `Gray' substituted by `gray' on input line 1371.
Package xcolor Info: Model `wave' substituted by `hsb' on input line 1372.
)
(C:\Users\liula\AppData\Local\Programs\MiKTeX\tex/generic/pgf/basiclayer\pgfcor
e.code.tex
Package: pgfcore 2025-08-29 v3.1.11a (3.1.11a)

(C:\Users\liula\AppData\Local\Programs\MiKTeX\tex/generic/pgf/math\pgfmath.code
.tex
(C:\Users\liula\AppData\Local\Programs\MiKTeX\tex/generic/pgf/math\pgfmathutil.
code.tex)
(C:\Users\liula\AppData\Local\Programs\MiKTeX\tex/generic/pgf/math\pgfmathparse
r.code.tex
\pgfmath@dimen=\dimen258
\pgfmath@count=\count351
\pgfmath@box=\box57
\pgfmath@toks=\toks43
\pgfmath@stack@operand=\toks44
\pgfmath@stack@operation=\toks45
)
(C:\Users\liula\AppData\Local\Programs\MiKTeX\tex/generic/pgf/math\pgfmathfunct
ions.code.tex)
(C:\Users\liula\AppData\Local\Programs\MiKTeX\tex/generic/pgf/math\pgfmathfunct
ions.basic.code.tex)
(C:\Users\liula\AppData\Local\Programs\MiKTeX\tex/generic/pgf/math\pgfmathfunct
ions.trigonometric.code.tex)
(C:\Users\liula\AppData\Local\Programs\MiKTeX\tex/generic/pgf/math\pgfmathfunct
ions.random.code.tex)
(C:\Users\liula\AppData\Local\Programs\MiKTeX\tex/generic/pgf/math\pgfmathfunct
ions.comparison.code.tex)
(C:\Users\liula\AppData\Local\Programs\MiKTeX\tex/generic/pgf/math\pgfmathfunct
ions.base.code.tex)
(C:\Users\liula\AppData\Local\Programs\MiKTeX\tex/generic/pgf/math\pgfmathfunct
ions.round.code.tex)
(C:\Users\liula\AppData\Local\Programs\MiKTeX\tex/generic/pgf/math\pgfmathfunct
ions.misc.code.tex)
(C:\Users\liula\AppData\Local\Programs\MiKTeX\tex/generic/pgf/math\pgfmathfunct
ions.integerarithmetics.code.tex)
(C:\Users\liula\AppData\Local\Programs\MiKTeX\tex/generic/pgf/math\pgfmathcalc.
code.tex)
(C:\Users\liula\AppData\Local\Programs\MiKTeX\tex/generic/pgf/math\pgfmathfloat
.code.tex
\c@pgfmathroundto@lastzeros=\count352
))
(C:\Users\liula\AppData\Local\Programs\MiKTeX\tex/generic/pgf/math\pgfint.code.
tex)
(C:\Users\liula\AppData\Local\Programs\MiKTeX\tex/generic/pgf/basiclayer\pgfcor
epoints.code.tex
File: pgfcorepoints.code.tex 2025-08-29 v3.1.11a (3.1.11a)
\pgf@picminx=\dimen259
\pgf@picmaxx=\dimen260
\pgf@picminy=\dimen261
\pgf@picmaxy=\dimen262
\pgf@pathminx=\dimen263
\pgf@pathmaxx=\dimen264
\pgf@pathminy=\dimen265
\pgf@pathmaxy=\dimen266
\pgf@xx=\dimen267
\pgf@xy=\dimen268
\pgf@yx=\dimen269
\pgf@yy=\dimen270
\pgf@zx=\dimen271
\pgf@zy=\dimen272
)
(C:\Users\liula\AppData\Local\Programs\MiKTeX\tex/generic/pgf/basiclayer\pgfcor
epathconstruct.code.tex
File: pgfcorepathconstruct.code.tex 2025-08-29 v3.1.11a (3.1.11a)
\pgf@path@lastx=\dimen273
\pgf@path@lasty=\dimen274
)
(C:\Users\liula\AppData\Local\Programs\MiKTeX\tex/generic/pgf/basiclayer\pgfcor
epathusage.code.tex
File: pgfcorepathusage.code.tex 2025-08-29 v3.1.11a (3.1.11a)
\pgf@shorten@end@additional=\dimen275
\pgf@shorten@start@additional=\dimen276
)
(C:\Users\liula\AppData\Local\Programs\MiKTeX\tex/generic/pgf/basiclayer\pgfcor
escopes.code.tex
File: pgfcorescopes.code.tex 2025-08-29 v3.1.11a (3.1.11a)
\pgfpic=\box58
\pgf@hbox=\box59
\pgf@layerbox@main=\box60
\pgf@picture@serial@count=\count353
)
(C:\Users\liula\AppData\Local\Programs\MiKTeX\tex/generic/pgf/basiclayer\pgfcor
egraphicstate.code.tex
File: pgfcoregraphicstate.code.tex 2025-08-29 v3.1.11a (3.1.11a)
\pgflinewidth=\dimen277
)
(C:\Users\liula\AppData\Local\Programs\MiKTeX\tex/generic/pgf/basiclayer\pgfcor
etransformations.code.tex
File: pgfcoretransformations.code.tex 2025-08-29 v3.1.11a (3.1.11a)
\pgf@pt@x=\dimen278
\pgf@pt@y=\dimen279
\pgf@pt@temp=\dimen280
)
(C:\Users\liula\AppData\Local\Programs\MiKTeX\tex/generic/pgf/basiclayer\pgfcor
equick.code.tex
File: pgfcorequick.code.tex 2025-08-29 v3.1.11a (3.1.11a)
)
(C:\Users\liula\AppData\Local\Programs\MiKTeX\tex/generic/pgf/basiclayer\pgfcor
eobjects.code.tex
File: pgfcoreobjects.code.tex 2025-08-29 v3.1.11a (3.1.11a)
)
(C:\Users\liula\AppData\Local\Programs\MiKTeX\tex/generic/pgf/basiclayer\pgfcor
epathprocessing.code.tex
File: pgfcorepathprocessing.code.tex 2025-08-29 v3.1.11a (3.1.11a)
)
(C:\Users\liula\AppData\Local\Programs\MiKTeX\tex/generic/pgf/basiclayer\pgfcor
earrows.code.tex
File: pgfcorearrows.code.tex 2025-08-29 v3.1.11a (3.1.11a)
\pgfarrowsep=\dimen281
)
(C:\Users\liula\AppData\Local\Programs\MiKTeX\tex/generic/pgf/basiclayer\pgfcor
eshade.code.tex
File: pgfcoreshade.code.tex 2025-08-29 v3.1.11a (3.1.11a)
\pgf@max=\dimen282
\pgf@sys@shading@range@num=\count354
\pgf@shadingcount=\count355
)
(C:\Users\liula\AppData\Local\Programs\MiKTeX\tex/generic/pgf/basiclayer\pgfcor
eimage.code.tex
File: pgfcoreimage.code.tex 2025-08-29 v3.1.11a (3.1.11a)
)
(C:\Users\liula\AppData\Local\Programs\MiKTeX\tex/generic/pgf/basiclayer\pgfcor
eexternal.code.tex
File: pgfcoreexternal.code.tex 2025-08-29 v3.1.11a (3.1.11a)
\pgfexternal@startupbox=\box61
)
(C:\Users\liula\AppData\Local\Programs\MiKTeX\tex/generic/pgf/basiclayer\pgfcor
elayers.code.tex
File: pgfcorelayers.code.tex 2025-08-29 v3.1.11a (3.1.11a)
)
(C:\Users\liula\AppData\Local\Programs\MiKTeX\tex/generic/pgf/basiclayer\pgfcor
etransparency.code.tex
File: pgfcoretransparency.code.tex 2025-08-29 v3.1.11a (3.1.11a)
)
(C:\Users\liula\AppData\Local\Programs\MiKTeX\tex/generic/pgf/basiclayer\pgfcor
epatterns.code.tex
File: pgfcorepatterns.code.tex 2025-08-29 v3.1.11a (3.1.11a)
)
(C:\Users\liula\AppData\Local\Programs\MiKTeX\tex/generic/pgf/basiclayer\pgfcor
erdf.code.tex
File: pgfcorerdf.code.tex 2025-08-29 v3.1.11a (3.1.11a)
)))
(C:\Users\liula\AppData\Local\Programs\MiKTeX\tex/generic/pgf/modules\pgfmodule
shapes.code.tex
File: pgfmoduleshapes.code.tex 2025-08-29 v3.1.11a (3.1.11a)
\pgfnodeparttextbox=\box62
)
(C:\Users\liula\AppData\Local\Programs\MiKTeX\tex/generic/pgf/modules\pgfmodule
plot.code.tex
File: pgfmoduleplot.code.tex 2025-08-29 v3.1.11a (3.1.11a)
)
(C:\Users\liula\AppData\Local\Programs\MiKTeX\tex/latex/pgf/compatibility\pgfco
mp-version-0-65.sty
Package: pgfcomp-version-0-65 2025-08-29 v3.1.11a (3.1.11a)
\pgf@nodesepstart=\dimen283
\pgf@nodesepend=\dimen284
)
(C:\Users\liula\AppData\Local\Programs\MiKTeX\tex/latex/pgf/compatibility\pgfco
mp-version-1-18.sty
Package: pgfcomp-version-1-18 2025-08-29 v3.1.11a (3.1.11a)
))
(C:\Users\liula\AppData\Local\Programs\MiKTeX\tex/latex/pgf/utilities\pgffor.st
y
(C:\Users\liula\AppData\Local\Programs\MiKTeX\tex/latex/pgf/utilities\pgfkeys.s
ty
(C:\Users\liula\AppData\Local\Programs\MiKTeX\tex/generic/pgf/utilities\pgfkeys
.code.tex))
(C:\Users\liula\AppData\Local\Programs\MiKTeX\tex/latex/pgf/math\pgfmath.sty
(C:\Users\liula\AppData\Local\Programs\MiKTeX\tex/generic/pgf/math\pgfmath.code
.tex))
(C:\Users\liula\AppData\Local\Programs\MiKTeX\tex/generic/pgf/utilities\pgffor.
code.tex
Package: pgffor 2025-08-29 v3.1.11a (3.1.11a)
\pgffor@iter=\dimen285
\pgffor@skip=\dimen286
\pgffor@stack=\toks46
\pgffor@toks=\toks47
))
(C:\Users\liula\AppData\Local\Programs\MiKTeX\tex/generic/pgf/frontendlayer/tik
z\tikz.code.tex
Package: tikz 2025-08-29 v3.1.11a (3.1.11a)

(C:\Users\liula\AppData\Local\Programs\MiKTeX\tex/generic/pgf/libraries\pgflibr
aryplothandlers.code.tex
File: pgflibraryplothandlers.code.tex 2025-08-29 v3.1.11a (3.1.11a)
\pgf@plot@mark@count=\count356
\pgfplotmarksize=\dimen287
)
\tikz@lastx=\dimen288
\tikz@lasty=\dimen289
\tikz@lastxsaved=\dimen290
\tikz@lastysaved=\dimen291
\tikz@lastmovetox=\dimen292
\tikz@lastmovetoy=\dimen293
\tikzleveldistance=\dimen294
\tikzsiblingdistance=\dimen295
\tikz@figbox=\box63
\tikz@figbox@bg=\box64
\tikz@tempbox=\box65
\tikz@tempbox@bg=\box66
\tikztreelevel=\count357
\tikznumberofchildren=\count358
\tikznumberofcurrentchild=\count359
\tikz@fig@count=\count360

(C:\Users\liula\AppData\Local\Programs\MiKTeX\tex/generic/pgf/modules\pgfmodule
matrix.code.tex
File: pgfmodulematrix.code.tex 2025-08-29 v3.1.11a (3.1.11a)
\pgfmatrixcurrentrow=\count361
\pgfmatrixcurrentcolumn=\count362
\pgf@matrix@numberofcolumns=\count363
)
\tikz@expandcount=\count364

(C:\Users\liula\AppData\Local\Programs\MiKTeX\tex/generic/pgf/frontendlayer/tik
z/libraries\tikzlibrarytopaths.code.tex
File: tikzlibrarytopaths.code.tex 2025-08-29 v3.1.11a (3.1.11a)
)))
(C:\Users\liula\AppData\Local\Programs\MiKTeX\tex/latex/tikz-cd\tikzlibrarycd.c
ode.tex
(C:\Users\liula\AppData\Local\Programs\MiKTeX\tex/generic/pgf/frontendlayer/tik
z/libraries\tikzlibrarymatrix.code.tex
File: tikzlibrarymatrix.code.tex 2025-08-29 v3.1.11a (3.1.11a)
)
(C:\Users\liula\AppData\Local\Programs\MiKTeX\tex/generic/pgf/frontendlayer/tik
z/libraries\tikzlibraryquotes.code.tex
File: tikzlibraryquotes.code.tex 2025-08-29 v3.1.11a (3.1.11a)
)
(C:\Users\liula\AppData\Local\Programs\MiKTeX\tex/generic/pgf/libraries\pgflibr
aryarrows.meta.code.tex
File: pgflibraryarrows.meta.code.tex 2025-08-29 v3.1.11a (3.1.11a)
\pgfarrowinset=\dimen296
\pgfarrowlength=\dimen297
\pgfarrowwidth=\dimen298
\pgfarrowlinewidth=\dimen299
)))
(C:\Users\liula\AppData\Local\Programs\MiKTeX\tex/latex/adjustbox\adjustbox.sty
Package: adjustbox 2025/02/26 v1.3c Adjusting TeX boxes (trim, clip, ...)
(C:\Users\liula\AppData\Local\Programs\MiKTeX\tex/latex/adjustbox\adjcalc.sty
Package: adjcalc 2012/05/16 v1.1 Provides advanced setlength with multiple back
-ends (calc, etex, pgfmath)
)
(C:\Users\liula\AppData\Local\Programs\MiKTeX\tex/latex/adjustbox\trimclip.sty
Package: trimclip 2025/02/21 v1.2a Trim and clip general TeX material

(C:\Users\liula\AppData\Local\Programs\MiKTeX\tex/latex/collectbox\collectbox.s
ty
Package: collectbox 2022/10/17 v0.4c Collect macro arguments as boxes
\collectedbox=\box67
)
\tc@llx=\dimen300
\tc@lly=\dimen301
\tc@urx=\dimen302
\tc@ury=\dimen303
Package trimclip Info: Using driver 'tc-pdftex.def'.

(C:\Users\liula\AppData\Local\Programs\MiKTeX\tex/latex/adjustbox\tc-pdftex.def
File: tc-pdftex.def 2025/02/26 v2.3 Clipping driver for pdftex
))
\adjbox@Width=\dimen304
\adjbox@Height=\dimen305
\adjbox@Depth=\dimen306
\adjbox@Totalheight=\dimen307
\adjbox@pwidth=\dimen308
\adjbox@pheight=\dimen309
\adjbox@pdepth=\dimen310
\adjbox@ptotalheight=\dimen311

(C:\Users\liula\AppData\Local\Programs\MiKTeX\tex/latex/ifoddpage\ifoddpage.sty
Package: ifoddpage 2022/10/18 v1.2 Conditionals for odd/even page detection
\c@checkoddpage=\count365
) (C:\Users\liula\AppData\Local\Programs\MiKTeX\tex/latex/varwidth\varwidth.sty
Package: varwidth 2009/03/30 ver 0.92;  Variable-width minipages
\@vwid@box=\box68
\sift@deathcycles=\count366
\@vwid@loff=\dimen312
\@vwid@roff=\dimen313
)
==> First Aid for varwidth.sty applied!
)
\c@prp=\count367
)
LaTeX Font Info:    Trying to load font information for OT1+ppl on input line 1
0.
 (C:\Users\liula\AppData\Local\Programs\MiKTeX\tex/latex/psnfss\ot1ppl.fd
File: ot1ppl.fd 2001/06/04 font definitions for OT1/ppl.
)
(Report.aux (titlepage.aux) (contents.aux))
\openout1 = `Report.aux'.

LaTeX Font Info:    Checking defaults for OML/cmm/m/it on input line 10.
LaTeX Font Info:    ... okay on input line 10.
LaTeX Font Info:    Checking defaults for OMS/cmsy/m/n on input line 10.
LaTeX Font Info:    ... okay on input line 10.
LaTeX Font Info:    Checking defaults for OT1/cmr/m/n on input line 10.
LaTeX Font Info:    ... okay on input line 10.
LaTeX Font Info:    Checking defaults for T1/cmr/m/n on input line 10.
LaTeX Font Info:    ... okay on input line 10.
LaTeX Font Info:    Checking defaults for TS1/cmr/m/n on input line 10.
LaTeX Font Info:    ... okay on input line 10.
LaTeX Font Info:    Checking defaults for OMX/cmex/m/n on input line 10.
LaTeX Font Info:    ... okay on input line 10.
LaTeX Font Info:    Checking defaults for U/cmr/m/n on input line 10.
LaTeX Font Info:    ... okay on input line 10.
LaTeX Font Info:    Checking defaults for PD1/pdf/m/n on input line 10.
LaTeX Font Info:    ... okay on input line 10.
LaTeX Font Info:    Checking defaults for PU/pdf/m/n on input line 10.
LaTeX Font Info:    ... okay on input line 10.

*geometry* driver: auto-detecting
*geometry* detected driver: pdftex
*geometry* verbose mode - [ preamble ] result:
* driver: pdftex
* paper: a4paper
* layout: <same size as paper>
* layoutoffset:(h,v)=(0.0pt,0.0pt)
* modes: includehead includefoot twoside 
* h-part:(L,W,R)=(85.35826pt, 426.79135pt, 85.35826pt)
* v-part:(T,H,B)=(56.9055pt, 731.23584pt, 56.9055pt)
* \paperwidth=597.50787pt
* \paperheight=845.04684pt
* \textwidth=426.79135pt
* \textheight=664.23584pt
* \oddsidemargin=13.08827pt
* \evensidemargin=13.08827pt
* \topmargin=-15.36449pt
* \headheight=12.0pt
* \headsep=25.0pt
* \topskip=11.0pt
* \footskip=30.0pt
* \marginparwidth=103.0pt
* \marginparsep=10.0pt
* \columnsep=10.0pt
* \skip\footins=10.0pt plus 4.0pt minus 2.0pt
* \hoffset=0.0pt
* \voffset=0.0pt
* \mag=1000
* \@twocolumnfalse
* \@twosidetrue
* \@mparswitchtrue
* \@reversemarginfalse
* (1in=72.27pt=25.4mm, 1cm=28.453pt)


(C:\Users\liula\AppData\Local\Programs\MiKTeX\tex/context/base/mkii\supp-pdf.mk
ii
[Loading MPS to PDF converter (version 2006.09.02).]
\scratchcounter=\count368
\scratchdimen=\dimen314
\scratchbox=\box69
\nofMPsegments=\count369
\nofMParguments=\count370
\everyMPshowfont=\toks48
\MPscratchCnt=\count371
\MPscratchDim=\dimen315
\MPnumerator=\count372
\makeMPintoPDFobject=\count373
\everyMPtoPDFconversion=\toks49
)
(C:\Users\liula\AppData\Local\Programs\MiKTeX\tex/latex/epstopdf-pkg\epstopdf-b
ase.sty
Package: epstopdf-base 2020-01-24 v2.11 Base part for package epstopdf
Package epstopdf-base Info: Redefining graphics rule for `.eps' on input line 4
85.

(C:\Users\liula\AppData\Local\Programs\MiKTeX\tex/latex/00miktex\epstopdf-sys.c
fg
File: epstopdf-sys.cfg 2021/03/18 v2.0 Configuration of epstopdf for MiKTeX
))
Package hyperref Info: Link coloring OFF on input line 10.
 (Report.out) (Report.out)
\@outlinefile=\write4
\openout4 = `Report.out'.


(C:\Users\liula\AppData\Local\Programs\MiKTeX\tex/latex/fmtcount\fc-english.def
File: fc-english.def 2016/01/12
)
\openout2 = `titlepage.aux'.

 (titlepage.tex
<Warwick_Crest.pdf, id=98, 377.64436pt x 522.77376pt>
File: Warwick_Crest.pdf Graphic file (type pdf)
<use Warwick_Crest.pdf>
Package pdftex.def Info: Warwick_Crest.pdf  used on input line 3.
(pdftex.def)             Requested size: 142.26378pt x 196.93307pt.
<warwick_logo.pdf, id=99, 523.73866pt x 347.44594pt>
File: warwick_logo.pdf Graphic file (type pdf)
<use warwick_logo.pdf>
Package pdftex.def Info: warwick_logo.pdf  used on input line 32.
(pdftex.def)             Requested size: 142.26378pt x 94.37361pt.
 [1


{C:/Users/liula/AppData/Local/MiKTeX/fonts/map/pdftex/pdftex.map}{C:/Users/liul
a/AppData/Local/Programs/MiKTeX/fonts/enc/dvips/base/8r.enc} <./Warwick_Crest.p
df> <./warwick_logo.pdf>])
\openout2 = `contents.aux'.

 (contents.tex (Report.toc
LaTeX Font Info:    Trying to load font information for OML+zplm on input line 
2.

(C:\Users\liula\AppData\Local\Programs\MiKTeX\tex/latex/psnfss\omlzplm.fd
File: omlzplm.fd 2002/09/08 Fontinst v1.914 font definitions for OML/zplm.
)
LaTeX Font Info:    Trying to load font information for OMS+zplm on input line 
2.

(C:\Users\liula\AppData\Local\Programs\MiKTeX\tex/latex/psnfss\omszplm.fd
File: omszplm.fd 2002/09/08 Fontinst v1.914 font definitions for OMS/zplm.
)
LaTeX Font Info:    Trying to load font information for OMX+zplm on input line 
2.

(C:\Users\liula\AppData\Local\Programs\MiKTeX\tex/latex/psnfss\omxzplm.fd
File: omxzplm.fd 2002/09/08 Fontinst v1.914 font definitions for OMX/zplm.
)
LaTeX Font Info:    Font shape `U/msa/m/n' will be
(Font)              scaled to size 11.40997pt on input line 2.
LaTeX Font Info:    Font shape `U/msa/m/n' will be
(Font)              scaled to size 8.33606pt on input line 2.
LaTeX Font Info:    Font shape `U/msa/m/n' will be
(Font)              scaled to size 6.25204pt on input line 2.
LaTeX Font Info:    Font shape `U/msb/m/n' will be
(Font)              scaled to size 11.40997pt on input line 2.
LaTeX Font Info:    Font shape `U/msb/m/n' will be
(Font)              scaled to size 8.33606pt on input line 2.
LaTeX Font Info:    Font shape `U/msb/m/n' will be
(Font)              scaled to size 6.25204pt on input line 2.
LaTeX Font Info:    Trying to load font information for U+rsfs on input line 2.


(C:\Users\liula\AppData\Local\Programs\MiKTeX\tex/latex/jknappen\ursfs.fd
File: ursfs.fd 1998/03/24 rsfs font definition file (jk)
)
LaTeX Font Info:    Trying to load font information for OT1+zplm on input line 
2.

(C:\Users\liula\AppData\Local\Programs\MiKTeX\tex/latex/psnfss\ot1zplm.fd
File: ot1zplm.fd 2002/09/08 Fontinst v1.914 font definitions for OT1/zplm.
))
\tf@toc=\write5
\openout5 = `Report.toc'.


[2



]) (Introduction.tex

Package amsfonts Warning: Obsolete command \bold; \mathbf should be used instea
d on input line 12.


Underfull \hbox (badness 10000) in paragraph at lines 3--13

 []


Underfull \hbox (badness 10000) in paragraph at lines 3--13

 []

LaTeX Font Info:    Trying to load font information for TS1+ppl on input line 2
4.
(C:\Users\liula\AppData\Local\Programs\MiKTeX\tex/latex/psnfss\ts1ppl.fd
File: ts1ppl.fd 2001/06/04 font definitions for TS1/ppl.
)
LaTeX Font Info:    Trying to load font information for U+fplmbb on input line 
24.

(C:\Users\liula\AppData\Local\Programs\MiKTeX\tex/latex/psnfss\ufplmbb.fd
File: ufplmbb.fd 2003/10/30 Fontinst v1.914 font definitions for U/fplmbb.
)
[1



]
Overfull \hbox (11.17085pt too wide) in paragraph at lines 26--27
\OT1/ppl/m/n/10.95 as hav-ing a non-degenerate base-point. In par-tic-u-lar, CW
-complexes are well-pointed.
 []

[2]) (Part 2.tex
Underfull \hbox (badness 10000) in paragraph at lines 12--25

 []


Underfull \hbox (badness 10000) in paragraph at lines 12--25

 []

[3] [4]
Overfull \hbox (27.60962pt too wide) detected at line 49
[]\OT1/zplm/m/n/10.95 (\OML/zplm/m/it/10.95 P[] \OMS/zplm/m/n/10.95 ! \OML/zplm
/m/it/10.95 Z \OMS/zplm/m/n/10.95   \OML/zplm/m/it/10.95 P[]\OT1/zplm/m/n/10.95
 ) = \OMS/zplm/m/n/10.95 f\OT1/zplm/m/n/10.95 ((\OML/zplm/m/it/10.95 x\OT1/ppl/
m/n/10.95 , \OML/zplm/m/it/10.95 ^^M[]\OT1/zplm/m/n/10.95 )\OT1/ppl/m/n/10.95 ,
 \OT1/zplm/m/n/10.95 (\OML/zplm/m/it/10.95 y\OT1/ppl/m/n/10.95 , \OML/zplm/m/it
/10.95 ^^M[]\OT1/zplm/m/n/10.95 )) \OMS/zplm/m/n/10.95 2 \OML/zplm/m/it/10.95 P
[] \OMS/zplm/m/n/10.95 ^^B \OML/zplm/m/it/10.95 P[] \OMS/zplm/m/n/10.95 j \OML/
zplm/m/it/10.95 ^^M[]\OT1/zplm/m/n/10.95 (\OT1/ppl/m/n/10.95 0\OT1/zplm/m/n/10.
95 ) = \OML/zplm/m/it/10.95 f\OT1/zplm/m/n/10.95 (\OML/zplm/m/it/10.95 x\OT1/zp
lm/m/n/10.95 )\OT1/ppl/m/n/10.95 , \OML/zplm/m/it/10.95 ^^M[]\OT1/zplm/m/n/10.9
5 (\OT1/ppl/m/n/10.95 0\OT1/zplm/m/n/10.95 ) = \OML/zplm/m/it/10.95 g\OT1/zplm/
m/n/10.95 (\OML/zplm/m/it/10.95 y\OT1/zplm/m/n/10.95 )\OT1/ppl/m/n/10.95 , \OML
/zplm/m/it/10.95 ^^M[]\OT1/zplm/m/n/10.95 (\OT1/ppl/m/n/10.95 1\OT1/zplm/m/n/10
.95 ) = \OML/zplm/m/it/10.95 ^^M[]\OT1/zplm/m/n/10.95 (\OT1/ppl/m/n/10.95 1\OT1
/zplm/m/n/10.95 )\OMS/zplm/m/n/10.95 g
 []


Overfull \hbox (2.71725pt too wide) in paragraph at lines 49--50
\OT1/ppl/m/n/10.95 The ev-i-dent in-verse of the given map is then $\OT1/zplm/m
/n/10.95 (\OML/zplm/m/it/10.95 x\OT1/ppl/m/n/10.95 , \OML/zplm/m/it/10.95 ^^M\O
T1/ppl/m/n/10.95 , \OML/zplm/m/it/10.95 y\OT1/zplm/m/n/10.95 ) \OMS/zplm/m/n/10
.95 7! \OT1/zplm/m/n/10.95 ((\OML/zplm/m/it/10.95 x\OT1/ppl/m/n/10.95 , \OML/zp
lm/m/it/10.95 ^^M\OMS/zplm/m/n/10.95 j[]\OT1/zplm/m/n/10.95 )\OT1/ppl/m/n/10.95
 , \OT1/zplm/m/n/10.95 (\OML/zplm/m/it/10.95 y\OT1/ppl/m/n/10.95 , \OML/zplm/m/
it/10.95 ^^M[]\OT1/zplm/m/n/10.95 ))$\OT1/ppl/m/n/10.95 . [[]]
 []


Underfull \hbox (badness 10000) in paragraph at lines 57--71

 []


Underfull \hbox (badness 10000) in paragraph at lines 57--71

 []

[5] [6]
Underfull \hbox (badness 10000) in paragraph at lines 119--137

 []


Underfull \hbox (badness 10000) in paragraph at lines 119--137

 []


Overfull \hbox (61.19412pt too wide) detected at line 139
[]\OT1/zplm/m/n/10.95 (\OML/zplm/m/it/10.95 C[] \OMS/zplm/m/n/10.95 ! \OML/zplm
/m/it/10.95 C[] \OMS/zplm/m/n/10.95   \OML/zplm/m/it/10.95 C[]\OT1/zplm/m/n/10.
95 ) = []
 []

[7]
Overfull \hbox (73.6089pt too wide) detected at line 139
[]\OT1/zplm/m/n/10.95 (\OML/zplm/m/it/10.95 R[] \OMS/zplm/m/n/10.95 ! \OML/zplm
/m/it/10.95 R[] \OMS/zplm/m/n/10.95   \OML/zplm/m/it/10.95 R[]\OT1/zplm/m/n/10.
95 ) = []
 []


Underfull \hbox (badness 10000) in paragraph at lines 143--162

 []


Underfull \hbox (badness 10000) in paragraph at lines 143--162

 []


Underfull \hbox (badness 10000) in paragraph at lines 165--184

 []


Underfull \hbox (badness 10000) in paragraph at lines 165--184

 []

[8]
Underfull \hbox (badness 10000) in paragraph at lines 185--203

 []


Underfull \hbox (badness 10000) in paragraph at lines 185--203

 []


Overfull \hbox (53.49986pt too wide) detected at line 207
[]
 []


Underfull \hbox (badness 10000) in paragraph at lines 214--226

 []


Underfull \hbox (badness 10000) in paragraph at lines 214--226

 []

[9]
Underfull \hbox (badness 10000) in paragraph at lines 228--247

 []


Underfull \hbox (badness 10000) in paragraph at lines 228--247

 []

[10]
Underfull \hbox (badness 10000) in paragraph at lines 267--277

 []


Underfull \hbox (badness 10000) in paragraph at lines 267--277

 []


Underfull \hbox (badness 10000) in paragraph at lines 281--290

 []


Underfull \hbox (badness 10000) in paragraph at lines 281--290

 []


Underfull \hbox (badness 10000) in paragraph at lines 295--304

 []


Underfull \hbox (badness 10000) in paragraph at lines 295--304

 []

[11]
Underfull \hbox (badness 10000) in paragraph at lines 315--325

 []


Underfull \hbox (badness 10000) in paragraph at lines 315--325

 []


Underfull \hbox (badness 10000) in paragraph at lines 326--335

 []


Underfull \hbox (badness 10000) in paragraph at lines 326--335

 []


Overfull \hbox (16.08623pt too wide) in paragraph at lines 342--343
[]\OT1/ppl/m/n/10.95 In the two def-i-ni-tions, I con-sid-ered ho-mo-topy com-m
u-ta-tive square to be ho-mo-topy pushouts
 []

[12]
Underfull \hbox (badness 10000) in paragraph at lines 344--354

 []


Underfull \hbox (badness 10000) in paragraph at lines 344--354

 []


Underfull \hbox (badness 10000) in paragraph at lines 355--365

 []


Underfull \hbox (badness 10000) in paragraph at lines 355--365

 []


Underfull \hbox (badness 10000) in paragraph at lines 366--377

 []


Underfull \hbox (badness 10000) in paragraph at lines 366--377

 []


Underfull \hbox (badness 10000) in paragraph at lines 383--392

 []


Underfull \hbox (badness 10000) in paragraph at lines 383--392

 []

[13]
Underfull \hbox (badness 10000) in paragraph at lines 394--424

 []


Underfull \hbox (badness 10000) in paragraph at lines 394--424

 []


Underfull \hbox (badness 10000) in paragraph at lines 394--424

 []


Underfull \hbox (badness 10000) in paragraph at lines 394--424

 []

[14]
Underfull \hbox (badness 10000) in paragraph at lines 431--445

 []


Underfull \hbox (badness 10000) in paragraph at lines 431--445

 []


Underfull \hbox (badness 10000) in paragraph at lines 445--462

 []


Underfull \hbox (badness 10000) in paragraph at lines 445--462

 []


Underfull \hbox (badness 10000) in paragraph at lines 467--480

 []


Underfull \hbox (badness 10000) in paragraph at lines 467--480

 []

[15]
Underfull \hbox (badness 10000) in paragraph at lines 481--491

 []


Underfull \hbox (badness 10000) in paragraph at lines 481--491

 []


Underfull \hbox (badness 10000) in paragraph at lines 496--506

 []


Underfull \hbox (badness 10000) in paragraph at lines 496--506

 []


Overfull \hbox (1.20163pt too wide) in paragraph at lines 496--506
\OT1/ppl/m/n/10.95 Since $\OML/zplm/m/it/10.95 Y \OMS/zplm/m/n/10.95 ! \OML/zpl
m/m/it/10.95 Z$ \OT1/ppl/m/n/10.95 is a weak equiv-a-lence and $\OML/zplm/m/it/
10.95 P[] \OMS/zplm/m/n/10.95 ! \OML/zplm/m/it/10.95 Z$ \OT1/ppl/m/n/10.95 is a
 fi-bra-tion, []7.19[] im-plies that $[]\OT1/zplm/m/n/10.95 (\OML/zplm/m/it/10.
95 X \OMS/zplm/m/n/10.95 !
 []


Underfull \hbox (badness 10000) in paragraph at lines 511--521

 []


Underfull \hbox (badness 10000) in paragraph at lines 511--521

 []

[16]
Underfull \hbox (badness 10000) in paragraph at lines 522--531

 []


Underfull \hbox (badness 10000) in paragraph at lines 522--531

 []


Underfull \hbox (badness 10000) in paragraph at lines 533--553

 []


Underfull \hbox (badness 10000) in paragraph at lines 533--553

 []


Underfull \hbox (badness 10000) in paragraph at lines 560--599

 []


Underfull \hbox (badness 10000) in paragraph at lines 560--599

 []


Underfull \hbox (badness 10000) in paragraph at lines 560--599

 []


Underfull \hbox (badness 10000) in paragraph at lines 560--599

 []


Underfull \hbox (badness 10000) in paragraph at lines 560--599

 []


Underfull \hbox (badness 10000) in paragraph at lines 560--599

 []

[17]
Underfull \hbox (badness 10000) in paragraph at lines 603--622

 []


Underfull \hbox (badness 10000) in paragraph at lines 603--622

 []


Underfull \hbox (badness 10000) in paragraph at lines 603--622

 []


Underfull \hbox (badness 10000) in paragraph at lines 622--649

 []


Underfull \hbox (badness 10000) in paragraph at lines 622--649

 []


Underfull \hbox (badness 10000) in paragraph at lines 622--649

 []


Underfull \hbox (badness 10000) in paragraph at lines 622--649

 []

[18] [19]
Underfull \hbox (badness 10000) in paragraph at lines 668--678

 []


Underfull \hbox (badness 10000) in paragraph at lines 668--678

 []


Underfull \hbox (badness 10000) in paragraph at lines 683--694

 []


Underfull \hbox (badness 10000) in paragraph at lines 683--694

 []


Underfull \hbox (badness 10000) in paragraph at lines 694--703

 []


Underfull \hbox (badness 10000) in paragraph at lines 694--703

 []

[20]
Underfull \hbox (badness 10000) in paragraph at lines 705--723

 []


Underfull \hbox (badness 10000) in paragraph at lines 705--723

 []


Underfull \hbox (badness 10000) in paragraph at lines 705--723

 []


Underfull \hbox (badness 10000) in paragraph at lines 705--723

 []


Underfull \hbox (badness 10000) in paragraph at lines 723--732

 []


Underfull \hbox (badness 10000) in paragraph at lines 723--732

 []

[21]
Underfull \hbox (badness 10000) in paragraph at lines 738--747

 []


Underfull \hbox (badness 10000) in paragraph at lines 738--747

 []


Underfull \hbox (badness 10000) in paragraph at lines 749--759

 []


Underfull \hbox (badness 10000) in paragraph at lines 749--759

 []

[22]
Underfull \hbox (badness 10000) in paragraph at lines 768--778

 []


Underfull \hbox (badness 10000) in paragraph at lines 768--778

 []


Underfull \hbox (badness 10000) in paragraph at lines 788--797

 []


Underfull \hbox (badness 10000) in paragraph at lines 788--797

 []

[23] [24]
Underfull \hbox (badness 10000) in paragraph at lines 835--845

 []


Underfull \hbox (badness 10000) in paragraph at lines 835--845

 []

[25]
Underfull \hbox (badness 10000) in paragraph at lines 853--863

 []


Underfull \hbox (badness 10000) in paragraph at lines 853--863

 []


Underfull \hbox (badness 10000) in paragraph at lines 871--890

 []


Underfull \hbox (badness 10000) in paragraph at lines 871--890

 []


Underfull \hbox (badness 10000) in paragraph at lines 871--890

 []


Underfull \hbox (badness 10000) in paragraph at lines 871--890

 []

[26]
Underfull \hbox (badness 10000) in paragraph at lines 908--918

 []


Underfull \hbox (badness 10000) in paragraph at lines 908--918

 []


Underfull \hbox (badness 10000) in paragraph at lines 920--944

 []


Underfull \hbox (badness 10000) in paragraph at lines 920--944

 []


Underfull \hbox (badness 10000) in paragraph at lines 920--944

 []


Underfull \hbox (badness 10000) in paragraph at lines 920--944

 []


Underfull \hbox (badness 10000) in paragraph at lines 945--1036

 []


Underfull \hbox (badness 10000) in paragraph at lines 945--1036

 []


Underfull \hbox (badness 10000) in paragraph at lines 945--1036

 []


Underfull \hbox (badness 10000) in paragraph at lines 945--1036

 []


Underfull \hbox (badness 10000) in paragraph at lines 945--1036

 []


Underfull \hbox (badness 10000) in paragraph at lines 945--1036

 []


Underfull \hbox (badness 10000) in paragraph at lines 945--1036

 []


Underfull \hbox (badness 10000) in paragraph at lines 945--1036

 []

[27]
Underfull \hbox (badness 10000) in paragraph at lines 1036--1047

 []


Underfull \hbox (badness 10000) in paragraph at lines 1036--1047

 []

[28]
Underfull \hbox (badness 10000) in paragraph at lines 1070--1089

 []


Underfull \hbox (badness 10000) in paragraph at lines 1070--1089

 []


Underfull \hbox (badness 10000) in paragraph at lines 1070--1089

 []


Underfull \hbox (badness 10000) in paragraph at lines 1070--1089

 []


Underfull \hbox (badness 10000) in paragraph at lines 1090--1124

 []


Underfull \hbox (badness 10000) in paragraph at lines 1090--1124

 []


Underfull \hbox (badness 10000) in paragraph at lines 1090--1124

 []


Underfull \hbox (badness 10000) in paragraph at lines 1090--1124

 []


Underfull \hbox (badness 10000) in paragraph at lines 1090--1124

 []


Underfull \hbox (badness 10000) in paragraph at lines 1090--1124

 []


Underfull \hbox (badness 10000) in paragraph at lines 1090--1124

 []


Underfull \hbox (badness 10000) in paragraph at lines 1090--1124

 []

[29] [30]
Underfull \hbox (badness 10000) in paragraph at lines 1153--1169

 []


Underfull \hbox (badness 10000) in paragraph at lines 1153--1169

 []


Underfull \hbox (badness 10000) in paragraph at lines 1153--1169

 []


Underfull \hbox (badness 10000) in paragraph at lines 1153--1169

 []

[31] [32]
Overfull \hbox (20.60893pt too wide) in paragraph at lines 1188--1189
[]\OT1/ppl/m/it/10.95 For any wedge sum $\OML/zplm/m/it/10.95 X \OT1/zplm/m/n/1
0.95 = [][] \OML/zplm/m/it/10.95 X[]$\OT1/ppl/m/it/10.95 , the in-clu-sion maps
 in-duces an iso-mor-phism $[][] \OML/zplm/m/it/10.95 H[]\OT1/zplm/m/n/10.95 (\
OML/zplm/m/it/10.95 X[]\OT1/zplm/m/n/10.95 ) []
 []


Underfull \hbox (badness 10000) in paragraph at lines 1197--1239

 []


Underfull \hbox (badness 10000) in paragraph at lines 1197--1239

 []


Underfull \hbox (badness 10000) in paragraph at lines 1197--1239

 []


Underfull \hbox (badness 10000) in paragraph at lines 1197--1239

 []


Underfull \hbox (badness 10000) in paragraph at lines 1197--1239

 []


Underfull \hbox (badness 10000) in paragraph at lines 1197--1239

 []


Underfull \hbox (badness 10000) in paragraph at lines 1197--1239

 []


Underfull \hbox (badness 10000) in paragraph at lines 1197--1239

 []


Underfull \hbox (badness 10000) in paragraph at lines 1197--1239

 []


Underfull \hbox (badness 10000) in paragraph at lines 1197--1239

 []

[33]
Underfull \hbox (badness 10000) in paragraph at lines 1241--1249

 []


Underfull \hbox (badness 10000) in paragraph at lines 1241--1249

 []


Underfull \hbox (badness 10000) in paragraph at lines 1250--1273

 []


Underfull \hbox (badness 10000) in paragraph at lines 1250--1273

 []


Underfull \hbox (badness 10000) in paragraph at lines 1250--1273

 []


Underfull \hbox (badness 10000) in paragraph at lines 1250--1273

 []

[34]
Underfull \hbox (badness 10000) in paragraph at lines 1274--1284

 []


Underfull \hbox (badness 10000) in paragraph at lines 1274--1284

 []


Underfull \hbox (badness 10000) in paragraph at lines 1287--1350

 []


Underfull \hbox (badness 10000) in paragraph at lines 1287--1350

 []


Underfull \hbox (badness 10000) in paragraph at lines 1287--1350

 []


Underfull \hbox (badness 10000) in paragraph at lines 1287--1350

 []


Underfull \hbox (badness 10000) in paragraph at lines 1287--1350

 []


Underfull \hbox (badness 10000) in paragraph at lines 1287--1350

 []


Underfull \hbox (badness 10000) in paragraph at lines 1287--1350

 []


Underfull \hbox (badness 10000) in paragraph at lines 1287--1350

 []


Overfull \hbox (16.98372pt too wide) in paragraph at lines 1287--1350
\OT1/ppl/m/n/10.95 The five lemma im-plies iso-mor-phisms $\OML/zplm/m/it/10.95
 ^^Y[]\OT1/zplm/m/n/10.95 (\OML/zplm/m/it/10.95 F\OT1/zplm/m/n/10.95 (\OML/zplm
/m/it/10.95 X[] \OMS/zplm/m/n/10.95 _ \OML/zplm/m/it/10.95 X[]\OT1/zplm/m/n/10.
95 )) [] \OML/zplm/m/it/10.95 ^^Y[]\OT1/zplm/m/n/10.95 (\OML/zplm/m/it/10.95 F\
OT1/zplm/m/n/10.95 (\OML/zplm/m/it/10.95 X[]\OT1/zplm/m/n/10.95 ) \OMS/zplm/m/n
/10.95 ^^B \OML/zplm/m/it/10.95 F\OT1/zplm/m/n/10.95 (\OML/zplm/m/it/10.95 X[]\
OT1/zplm/m/n/10.95 )) [] \OML/zplm/m/it/10.95 ^^Y[]\OT1/zplm/m/n/10.95 (\OML/zp
lm/m/it/10.95 F\OT1/zplm/m/n/10.95 (\OML/zplm/m/it/10.95 X[]\OT1/zplm/m/n/10.95
 )) \OMS/zplm/m/n/10.95 ^^B
 []

[35] [36]
Overfull \hbox (3.11809pt too wide) in paragraph at lines 1367--1367
[]\OT1/ppl/m/it/10.95 In any case, post com-pos-ing with the ho-mo-topy groups 
give a re-duced ho-mol-ogy the-ory $\OML/zplm/m/it/10.95 ^^Y[]\OT1/zplm/m/n/10.
95 (\OML/zplm/m/it/10.95 SP\OT1/zplm/m/n/10.95 (\OMS/zplm/m/n/10.95 ^^@\OT1/zpl
m/m/n/10.95 ))$
 []


Underfull \hbox (badness 10000) in paragraph at lines 1369--1388

 []


Underfull \hbox (badness 10000) in paragraph at lines 1369--1388

 []


Underfull \hbox (badness 10000) in paragraph at lines 1369--1388

 []


Underfull \hbox (badness 10000) in paragraph at lines 1369--1388

 []

[37]
Underfull \hbox (badness 10000) in paragraph at lines 1400--1428

 []


Underfull \hbox (badness 10000) in paragraph at lines 1400--1428

 []


Underfull \hbox (badness 10000) in paragraph at lines 1400--1428

 []


Underfull \hbox (badness 10000) in paragraph at lines 1400--1428

 []


Underfull \hbox (badness 10000) in paragraph at lines 1400--1428

 []


Underfull \hbox (badness 10000) in paragraph at lines 1400--1428

 []


Overfull \hbox (11.50786pt too wide) in paragraph at lines 1400--1428
\OT1/ppl/m/n/10.95 is $\OT1/zplm/m/n/10.95 (\OML/zplm/m/it/10.95 n \OMS/zplm/m/
n/10.95 ^^@ \OT1/ppl/m/n/10.95 3\OT1/zplm/m/n/10.95 )$\OT1/ppl/m/n/10.95 -carte
sian. By 8.5.5 [[]], ho-mo-topy col-im-its com-mute with ho-mo-topy pushouts
 []

[38] [39]) (Conclusion.tex) [40] (Report.bbl
Underfull \hbox (badness 6428) in paragraph at lines 36--40
[]\OT1/ppl/m/n/10.95 Daniel Dug-gar.  A primer on ho-mo-topy col-im-its.  Avail
-able at:
 []


Overfull \hbox (7.00957pt too wide) in paragraph at lines 77--80
[]\OT1/ppl/m/n/10.95 Jacob Lurie.  Higher al-ge-bra.  https://www.math.ias.edu/
 lurie/papers/HA.pdf,
 []

[41]
Underfull \hbox (badness 10000) in paragraph at lines 97--101
[]\OT1/ppl/m/n/10.95 Neil Strict-land.  The cat-e-gory of cgwh spaces.  Avail-a
ble at:
 []

) (Appendix.tex
Underfull \hbox (badness 10000) in paragraph at lines 3--17

 []


Underfull \hbox (badness 10000) in paragraph at lines 3--17

 []


Underfull \hbox (badness 10000) in paragraph at lines 17--27

 []


Underfull \hbox (badness 10000) in paragraph at lines 17--27

 []


Underfull \hbox (badness 10000) in paragraph at lines 28--38

 []


Underfull \hbox (badness 10000) in paragraph at lines 28--38

 []

[42]
Underfull \hbox (badness 10000) in paragraph at lines 52--64

 []


Underfull \hbox (badness 10000) in paragraph at lines 52--64

 []


Underfull \hbox (badness 10000) in paragraph at lines 68--75

 []


Underfull \hbox (badness 10000) in paragraph at lines 68--75

 []

[43]
Overfull \hbox (8.45485pt too wide) in paragraph at lines 117--118
[]\OT1/ppl/m/n/10.95 In par-tic-u-lar, ev-ery map is $\OT1/zplm/m/n/10.95 (\OMS
/zplm/m/n/10.95 ^^@\OT1/ppl/m/n/10.95 1\OT1/zplm/m/n/10.95 )$\OT1/ppl/m/n/10.95
 -connected since ev-ery non-empty space is $\OT1/zplm/m/n/10.95 (\OMS/zplm/m/n
/10.95 ^^@\OT1/ppl/m/n/10.95 1\OT1/zplm/m/n/10.95 )$\OT1/ppl/m/n/10.95 -connect
ed. 
 []

[44]
Underfull \hbox (badness 10000) in paragraph at lines 136--146

 []


Underfull \hbox (badness 10000) in paragraph at lines 136--146

 []


Underfull \hbox (badness 10000) in paragraph at lines 164--165

 []


Underfull \hbox (badness 10000) in paragraph at lines 164--165

 []

[45]
Underfull \hbox (badness 10000) in paragraph at lines 166--176

 []


Underfull \hbox (badness 10000) in paragraph at lines 166--176

 []


Underfull \hbox (badness 10000) in paragraph at lines 180--200

 []


Underfull \hbox (badness 10000) in paragraph at lines 180--200

 []


Underfull \hbox (badness 10000) in paragraph at lines 180--200

 []


Underfull \hbox (badness 10000) in paragraph at lines 204--214

 []


Underfull \hbox (badness 10000) in paragraph at lines 204--214

 []

[46]
Underfull \hbox (badness 10000) in paragraph at lines 220--231

 []


Underfull \hbox (badness 10000) in paragraph at lines 220--231

 []


Underfull \hbox (badness 10000) in paragraph at lines 235--246

 []


Underfull \hbox (badness 10000) in paragraph at lines 235--246

 []


Underfull \hbox (badness 10000) in paragraph at lines 250--259

 []


Underfull \hbox (badness 10000) in paragraph at lines 250--259

 []

[47] [48] [49] [50] [51] [52] [53]
Underfull \hbox (badness 10000) in paragraph at lines 379--393

 []


Underfull \hbox (badness 10000) in paragraph at lines 379--393

 []

[54]) [55] (Report.aux (titlepage.aux) (contents.aux))
 ***********
LaTeX2e <2025-11-01>
L3 programming layer <2025-12-24>
 ***********


Package rerunfilecheck Warning: File `Report.out' has changed.
(rerunfilecheck)                Rerun to get outlines right
(rerunfilecheck)                or use package `bookmark'.

Package rerunfilecheck Info: Checksums for `Report.out':
(rerunfilecheck)             Before: 29C8753CCEF14B4B25264062395B8A50;4901
(rerunfilecheck)             After:  B7EC71992D50EF9B7E9EBC7B08D6BDB5;4878.
 ) 
Here is how much of TeX's memory you used:
 30377 strings out of 467871
 605505 string characters out of 5418376
 982047 words of memory out of 5000000
 58547 multiletter control sequences out of 15000+600000
 655178 words of font info for 119 fonts, out of 8000000 for 9000
 1141 hyphenation exceptions out of 8191
 103i,18n,121p,1447b,1246s stack positions out of 10000i,1000n,20000p,200000b,200000s
<C:/Users/liula/AppData/Local/Programs/MiKTeX/fonts/type1/public/amsfonts/cm/
cmex10.pfb><C:/Users/liula/AppData/Local/Programs/MiKTeX/fonts/type1/public/ams
fonts/cm/cmmi10.pfb><C:/Users/liula/AppData/Local/Programs/MiKTeX/fonts/type1/p
ublic/amsfonts/cm/cmr10.pfb><C:/Users/liula/AppData/Local/Programs/MiKTeX/fonts
/type1/public/amsfonts/cm/cmsy10.pfb><C:/Users/liula/AppData/Local/Programs/MiK
TeX/fonts/type1/public/mathpazo/fplmbb.pfb><C:/Users/liula/AppData/Local/Progra
ms/MiKTeX/fonts/type1/public/mathpazo/fplmr.pfb><C:/Users/liula/AppData/Local/P
rograms/MiKTeX/fonts/type1/public/mathpazo/fplmri.pfb><C:/Users/liula/AppData/L
ocal/Programs/MiKTeX/fonts/type1/urw/palatino/uplb8a.pfb><C:/Users/liula/AppDat
a/Local/Programs/MiKTeX/fonts/type1/urw/palatino/uplr8a.pfb><C:/Users/liula/App
Data/Local/Programs/MiKTeX/fonts/type1/urw/palatino/uplri8a.pfb>
Output written on Report.pdf (57 pages, 617510 bytes).
PDF statistics:
 750 PDF objects out of 1000 (max. 8388607)
 195 named destinations out of 1000 (max. 500000)
 207 words of extra memory for PDF output out of 10000 (max. 10000000)

