\BOOKMARK [1][-]{section.1}{\376\377\000T\000h\000e\000\040\000C\000a\000t\000e\000g\000o\000r\000i\000c\000a\000l\000\040\000V\000i\000e\000w\000p\000o\000i\000n\000t}{}% 1
\BOOKMARK [2][-]{subsection.1.1}{\376\377\000C\000a\000t\000e\000g\000o\000r\000i\000e\000s\000\040\000o\000f\000\040\000S\000p\000a\000c\000e\000s}{section.1}% 2
\BOOKMARK [2][-]{subsection.1.2}{\376\377\000C\000a\000t\000e\000g\000o\000r\000i\000c\000a\000l\000\040\000C\000o\000n\000s\000t\000r\000u\000c\000t\000s\000\040\000i\000n\000\040\000t\000h\000e\000\040\000C\000a\000t\000e\000g\000o\000r\000y\000\040\000o\000f\000\040\000S\000p\000a\000c\000e\000s}{section.1}% 3
\BOOKMARK [2][-]{subsection.1.3}{\376\377\000C\000a\000t\000e\000g\000o\000r\000i\000e\000s\000\040\000o\000f\000\040\000C\000W\000\040\000C\000o\000m\000p\000l\000e\000x\000e\000s}{section.1}% 4
\BOOKMARK [1][-]{section.2}{\376\377\000S\000i\000n\000g\000u\000l\000a\000r\000\040\000H\000o\000m\000o\000l\000o\000g\000y}{}% 5
\BOOKMARK [2][-]{subsection.2.1}{\376\377\000S\000i\000n\000g\000u\000l\000a\000r\000\040\000n\000-\000S\000i\000m\000p\000l\000e\000x\000e\000s\000\040\000a\000n\000d\000\040\000S\000i\000n\000g\000u\000l\000a\000r\000\040\000H\000o\000m\000o\000l\000o\000g\000y}{section.2}% 6
\BOOKMARK [2][-]{subsection.2.2}{\376\377\000R\000e\000l\000a\000t\000i\000o\000n\000\040\000t\000o\000\040\000t\000h\000e\000\040\000L\000o\000w\000\040\000D\000e\000g\000r\000e\000e\000\040\000H\000o\000m\000o\000t\000o\000p\000y\000\040\000G\000r\000o\000u\000p\000s}{section.2}% 7
\BOOKMARK [2][-]{subsection.2.3}{\376\377\000R\000e\000d\000u\000c\000e\000d\000\040\000H\000o\000m\000o\000l\000o\000g\000y}{section.2}% 8
\BOOKMARK [2][-]{subsection.2.4}{\376\377\000H\000o\000m\000o\000t\000o\000p\000y\000\040\000I\000n\000v\000a\000r\000i\000a\000n\000c\000e}{section.2}% 9
\BOOKMARK [2][-]{subsection.2.5}{\376\377\000M\000a\000y\000e\000r\000-\000V\000i\000e\000t\000o\000r\000i\000s\000\040\000S\000e\000q\000u\000e\000n\000c\000e}{section.2}% 10
\BOOKMARK [2][-]{subsection.2.6}{\376\377\000T\000h\000r\000e\000e\000\040\000A\000p\000p\000l\000i\000c\000a\000t\000i\000o\000n\000s\000\040\000o\000f\000\040\000S\000i\000n\000g\000u\000l\000a\000r\000\040\000H\000o\000m\000o\000l\000o\000g\000y}{section.2}% 11
\BOOKMARK [1][-]{section.3}{\376\377\000R\000e\000l\000a\000t\000i\000v\000e\000\040\000H\000o\000m\000o\000l\000o\000g\000y}{}% 12
\BOOKMARK [2][-]{subsection.3.1}{\376\377\000R\000e\000l\000a\000t\000i\000v\000e\000\040\000H\000o\000m\000o\000l\000o\000g\000y\000\040\000G\000r\000o\000u\000p\000s}{section.3}% 13
\BOOKMARK [2][-]{subsection.3.2}{\376\377\000R\000e\000l\000a\000t\000i\000o\000n\000\040\000t\000o\000\040\000S\000i\000n\000g\000u\000l\000a\000r\000\040\000H\000o\000m\000o\000l\000o\000g\000y}{section.3}% 14
\BOOKMARK [2][-]{subsection.3.3}{\376\377\000T\000h\000e\000\040\000E\000x\000c\000i\000s\000i\000o\000n\000\040\000T\000h\000e\000o\000r\000e\000m}{section.3}% 15
\BOOKMARK [2][-]{subsection.3.4}{\376\377\000L\000o\000c\000a\000l\000\040\000H\000o\000m\000o\000l\000o\000g\000y\000\040\000G\000r\000o\000u\000p\000s}{section.3}% 16
\BOOKMARK [1][-]{section.4}{\376\377\000D\000e\000g\000r\000e\000e\000\040\000T\000h\000e\000o\000r\000y\000\040\000a\000n\000d\000\040\000C\000e\000l\000l\000u\000l\000a\000r\000\040\000H\000o\000m\000o\000l\000o\000g\000y}{}% 17
\BOOKMARK [2][-]{subsection.4.1}{\376\377\000D\000e\000g\000r\000e\000e\000\040\000o\000f\000\040\000C\000o\000n\000t\000i\000n\000u\000o\000u\000s\000\040\000M\000a\000p\000s}{section.4}% 18
\BOOKMARK [2][-]{subsection.4.2}{\376\377\000L\000o\000c\000a\000l\000\040\000D\000e\000g\000r\000e\000e}{section.4}% 19
\BOOKMARK [2][-]{subsection.4.3}{\376\377\000C\000e\000l\000l\000u\000l\000a\000r\000\040\000H\000o\000m\000o\000l\000o\000g\000y}{section.4}% 20
\BOOKMARK [1][-]{section.5}{\376\377\000V\000a\000r\000i\000a\000n\000t\000s\000\040\000o\000f\000\040\000H\000o\000m\000o\000l\000o\000g\000y}{}% 21
\BOOKMARK [2][-]{subsection.5.1}{\376\377\000H\000o\000m\000o\000l\000o\000g\000y\000\040\000w\000i\000t\000h\000\040\000C\000o\000e\000f\000f\000i\000c\000i\000e\000n\000t\000s}{section.5}% 22
\BOOKMARK [2][-]{subsection.5.2}{\376\377\000K\000u\000n\000n\000e\000t\000h\000\040\000T\000h\000e\000o\000r\000e\000m\000\040\000f\000o\000r\000\040\000H\000o\000m\000o\000l\000o\000g\000y}{section.5}% 23
\BOOKMARK [2][-]{subsection.5.3}{\376\377\000R\000e\000l\000a\000t\000i\000o\000n\000\040\000t\000o\000\040\000S\000i\000m\000p\000l\000i\000c\000i\000a\000l\000\040\000H\000o\000m\000o\000l\000o\000g\000y}{section.5}% 24
\BOOKMARK [2][-]{subsection.5.4}{\376\377\000A\000x\000i\000o\000m\000s\000\040\000f\000o\000r\000\040\000U\000n\000r\000e\000d\000u\000c\000e\000d\000\040\000H\000o\000m\000o\000l\000o\000g\000y}{section.5}% 25
\BOOKMARK [1][-]{section.6}{\376\377\000S\000i\000n\000g\000u\000l\000a\000r\000\040\000C\000o\000h\000o\000m\000o\000l\000o\000g\000y}{}% 26
\BOOKMARK [2][-]{subsection.6.1}{\376\377\000S\000i\000n\000g\000u\000l\000a\000r\000\040\000C\000o\000h\000o\000m\000o\000l\000o\000g\000y}{section.6}% 27
\BOOKMARK [2][-]{subsection.6.2}{\376\377\000U\000n\000i\000v\000e\000r\000s\000a\000l\000\040\000C\000o\000e\000f\000f\000i\000c\000i\000e\000n\000t\000\040\000T\000h\000e\000o\000r\000e\000m}{section.6}% 28
\BOOKMARK [2][-]{subsection.6.3}{\376\377\000R\000e\000l\000a\000t\000i\000v\000e\000\040\000C\000o\000h\000o\000m\000o\000l\000o\000g\000y}{section.6}% 29
\BOOKMARK [1][-]{section.7}{\376\377\000V\000a\000r\000i\000a\000n\000t\000s\000\040\000o\000f\000\040\000C\000o\000h\000o\000m\000o\000l\000o\000g\000y}{}% 30
\BOOKMARK [2][-]{subsection.7.1}{\376\377\000C\000e\000l\000l\000u\000l\000a\000r\000\040\000C\000o\000h\000o\000m\000o\000l\000o\000g\000y}{section.7}% 31
\BOOKMARK [2][-]{subsection.7.2}{\376\377\000S\000i\000m\000p\000l\000i\000c\000i\000a\000l\000\040\000C\000o\000h\000o\000m\000o\000l\000o\000g\000y}{section.7}% 32
\BOOKMARK [2][-]{subsection.7.3}{\376\377\000C\000o\000h\000o\000m\000o\000l\000o\000g\000y\000\040\000w\000i\000t\000h\000\040\000C\000o\000m\000p\000a\000c\000t\000\040\000S\000u\000p\000p\000o\000r\000t}{section.7}% 33
\BOOKMARK [2][-]{subsection.7.4}{\376\377\000A\000x\000i\000o\000m\000s\000\040\000f\000o\000r\000\040\000U\000n\000r\000e\000d\000u\000c\000e\000d\000\040\000C\000o\000h\000o\000m\000o\000l\000o\000g\000y}{section.7}% 34
\BOOKMARK [1][-]{section.8}{\376\377\000T\000h\000e\000\040\000R\000i\000n\000g\000\040\000S\000t\000r\000u\000c\000t\000u\000r\000e\000\040\000i\000n\000\040\000S\000i\000n\000g\000u\000l\000a\000r\000\040\000C\000o\000h\000o\000m\000o\000l\000o\000g\000y}{}% 35
\BOOKMARK [2][-]{subsection.8.1}{\376\377\000T\000h\000e\000\040\000C\000u\000p\000\040\000P\000r\000o\000d\000u\000c\000t}{section.8}% 36
\BOOKMARK [2][-]{subsection.8.2}{\376\377\000T\000h\000e\000\040\000R\000e\000l\000a\000t\000i\000v\000e\000\040\000C\000u\000p\000\040\000P\000r\000o\000d\000u\000c\000t}{section.8}% 37
\BOOKMARK [2][-]{subsection.8.3}{\376\377\000T\000h\000e\000\040\000K\000u\000n\000n\000e\000t\000h\000\040\000F\000o\000r\000m\000u\000l\000a}{section.8}% 38
\BOOKMARK [2][-]{subsection.8.4}{\376\377\000L\000u\000s\000t\000e\000r\000n\000i\000k\000-\000S\000c\000h\000n\000i\000r\000e\000l\000m\000a\000n\000\040\000C\000a\000t\000e\000g\000o\000r\000y}{section.8}% 39
\BOOKMARK [1][-]{section.9}{\376\377\000T\000h\000e\000\040\000E\000u\000l\000e\000r\000\040\000C\000h\000a\000r\000a\000c\000t\000e\000r\000i\000s\000t\000i\000c}{}% 40
\BOOKMARK [2][-]{subsection.9.1}{\376\377\000T\000h\000e\000\040\000C\000h\000a\000r\000a\000c\000t\000e\000r\000i\000s\000t\000i\000c\000\040\000a\000s\000\040\000a\000n\000\040\000I\000n\000v\000a\000r\000i\000a\000n\000t}{section.9}% 41
\BOOKMARK [2][-]{subsection.9.2}{\376\377\000F\000i\000r\000s\000t\000\040\000P\000r\000o\000p\000e\000r\000t\000i\000e\000s\000\040\000o\000f\000\040\000t\000h\000e\000\040\000E\000u\000l\000e\000r\000\040\000C\000h\000a\000r\000a\000c\000t\000e\000r\000i\000s\000t\000i\000c}{section.9}% 42
