\BOOKMARK [1][-]{section.1}{\376\377\000S\000p\000e\000c\000t\000r\000a\000\040\000a\000n\000d\000\040\000i\000t\000s\000\040\000S\000t\000r\000u\000c\000t\000u\000r\000e\000\040\000S\000h\000e\000a\000f}{}% 1
\BOOKMARK [2][-]{subsection.1.1}{\376\377\000T\000h\000e\000\040\000Z\000a\000r\000i\000s\000k\000i\000\040\000T\000o\000p\000o\000l\000o\000g\000y\000\040\000a\000n\000d\000\040\000H\000i\000l\000b\000e\000r\000t\000'\000s\000\040\000N\000u\000l\000l\000s\000t\000e\000l\000l\000e\000n\000s\000a\000t\000z\000\040\000f\000o\000r\000\040\000S\000p\000e\000c\000t\000r\000a}{section.1}% 2
\BOOKMARK [2][-]{subsection.1.2}{\376\377\000T\000o\000p\000o\000l\000o\000g\000i\000c\000a\000l\000\040\000P\000r\000o\000p\000e\000r\000t\000i\000e\000s\000\040\000o\000f\000\040\000S\000p\000e\000c\000t\000r\000a}{section.1}% 3
\BOOKMARK [2][-]{subsection.1.3}{\376\377\000T\000h\000e\000\040\000S\000t\000r\000u\000c\000t\000u\000r\000e\000\040\000S\000h\000e\000a\000f\000\040\000o\000f\000\040\000a\000\040\000S\000p\000e\000c\000t\000r\000u\000m}{section.1}% 4
\BOOKMARK [2][-]{subsection.1.4}{\376\377\000T\000h\000e\000\040\000S\000p\000e\000c\000\040\000F\000u\000n\000c\000t\000o\000r}{section.1}% 5
\BOOKMARK [1][-]{section.2}{\376\377\000P\000r\000o\000j\000e\000c\000t\000i\000v\000e\000\040\000S\000p\000e\000c\000t\000r\000a\000\040\000a\000n\000d\000\040\000i\000t\000s\000\040\000S\000t\000r\000u\000c\000t\000u\000r\000e\000\040\000S\000h\000e\000a\000f}{}% 6
\BOOKMARK [2][-]{subsection.2.1}{\376\377\000T\000h\000e\000\040\000Z\000a\000r\000i\000s\000k\000i\000\040\000T\000o\000p\000o\000l\000o\000g\000y\000\040\000a\000n\000d\000\040\000H\000i\000l\000b\000e\000r\000t\000'\000s\000\040\000N\000u\000l\000l\000s\000t\000e\000l\000l\000e\000n\000s\000a\000t\000z\000\040\000f\000o\000r\000\040\000P\000r\000o\000j}{section.2}% 7
\BOOKMARK [2][-]{subsection.2.2}{\376\377\000T\000o\000p\000o\000l\000o\000g\000i\000c\000a\000l\000\040\000P\000r\000o\000p\000e\000r\000t\000i\000e\000s\000\040\000o\000f\000\040\000P\000r\000o\000j}{section.2}% 8
\BOOKMARK [2][-]{subsection.2.3}{\376\377\000T\000h\000e\000\040\000S\000t\000r\000u\000c\000t\000u\000r\000e\000\040\000S\000h\000e\000a\000f\000\040\000o\000n\000\040\000a\000\040\000P\000r\000o\000j\000e\000c\000t\000i\000v\000e\000\040\000S\000p\000e\000c\000t\000r\000u\000m}{section.2}% 9
\BOOKMARK [1][-]{section.3}{\376\377\000T\000h\000e\000\040\000C\000a\000t\000e\000g\000o\000r\000y\000\040\000o\000f\000\040\000S\000c\000h\000e\000m\000e\000s}{}% 10
\BOOKMARK [2][-]{subsection.3.1}{\376\377\000T\000h\000e\000\040\000D\000e\000f\000i\000n\000i\000t\000i\000o\000n\000\040\000o\000f\000\040\000S\000c\000h\000e\000m\000e\000s}{section.3}% 11
\BOOKMARK [2][-]{subsection.3.2}{\376\377\000U\000n\000d\000e\000r\000s\000t\000a\000n\000d\000i\000n\000g\000\040\000S\000c\000h\000e\000m\000e\000s\000\040\000L\000o\000c\000a\000l\000l\000y}{section.3}% 12
\BOOKMARK [2][-]{subsection.3.3}{\376\377\000P\000r\000o\000p\000e\000r\000t\000i\000e\000s\000\040\000o\000f\000\040\000t\000h\000e\000\040\000C\000a\000t\000e\000g\000o\000r\000y\000\040\000o\000f\000\040\000S\000c\000h\000e\000m\000e\000s}{section.3}% 13
\BOOKMARK [2][-]{subsection.3.4}{\376\377\000M\000o\000r\000e\000\040\000o\000n\000\040\000P\000r\000o\000j\000e\000c\000t\000i\000v\000e\000\040\000S\000c\000h\000e\000m\000e\000s}{section.3}% 14
\BOOKMARK [2][-]{subsection.3.5}{\376\377\000I\000n\000t\000e\000r\000p\000r\000e\000t\000i\000n\000g\000\040\000E\000l\000e\000m\000e\000n\000t\000s\000\040\000o\000f\000\040\000t\000h\000e\000\040\000S\000h\000e\000a\000f\000\040\000a\000s\000\040\000F\000u\000n\000c\000t\000i\000o\000n\000s}{section.3}% 15
\BOOKMARK [1][-]{section.4}{\376\377\000P\000o\000i\000n\000t\000s\000\040\000o\000n\000\040\000A\000\040\000S\000c\000h\000e\000m\000e}{}% 16
\BOOKMARK [2][-]{subsection.4.1}{\376\377\000T\000h\000e\000\040\000F\000u\000n\000c\000t\000o\000r\000\040\000o\000f\000\040\000P\000o\000i\000n\000t\000s}{section.4}% 17
\BOOKMARK [2][-]{subsection.4.2}{\376\377\000G\000e\000n\000e\000r\000i\000c\000\040\000P\000o\000i\000n\000t\000s\000\040\000a\000n\000d\000\040\000F\000u\000n\000c\000t\000i\000o\000n\000\040\000F\000i\000e\000l\000d\000s}{section.4}% 18
\BOOKMARK [1][-]{section.5}{\376\377\000T\000o\000p\000o\000l\000o\000g\000i\000c\000a\000l\000\040\000P\000r\000o\000p\000e\000r\000t\000i\000e\000s\000\040\000o\000f\000\040\000S\000c\000h\000e\000m\000e\000s}{}% 19
\BOOKMARK [2][-]{subsection.5.1}{\376\377\000R\000e\000d\000u\000c\000e\000d\000\040\000S\000c\000h\000e\000m\000e\000s}{section.5}% 20
\BOOKMARK [2][-]{subsection.5.2}{\376\377\000I\000n\000t\000e\000g\000r\000a\000l\000\040\000S\000c\000h\000e\000m\000e\000s}{section.5}% 21
\BOOKMARK [2][-]{subsection.5.3}{\376\377\000N\000o\000e\000t\000h\000e\000r\000i\000a\000n\000\040\000S\000c\000h\000e\000m\000e\000s}{section.5}% 22
\BOOKMARK [2][-]{subsection.5.4}{\376\377\000G\000e\000o\000m\000e\000t\000r\000i\000c\000\040\000P\000r\000o\000p\000e\000r\000t\000i\000e\000s}{section.5}% 23
\BOOKMARK [1][-]{section.6}{\376\377\000F\000i\000n\000i\000t\000e\000n\000e\000s\000s\000\040\000P\000r\000o\000p\000e\000r\000t\000i\000e\000s\000\040\000o\000f\000\040\000M\000o\000r\000p\000h\000i\000s\000m\000s}{}% 24
\BOOKMARK [2][-]{subsection.6.1}{\376\377\000C\000l\000o\000s\000u\000r\000e\000\040\000P\000r\000o\000p\000e\000r\000t\000i\000e\000s\000\040\000o\000f\000\040\000M\000o\000r\000p\000h\000i\000s\000m\000\040\000C\000l\000a\000s\000s\000e\000s}{section.6}% 25
\BOOKMARK [2][-]{subsection.6.2}{\376\377\000A\000f\000f\000i\000n\000e\000\040\000M\000o\000r\000p\000h\000i\000s\000m\000s}{section.6}% 26
\BOOKMARK [2][-]{subsection.6.3}{\376\377\000O\000p\000e\000n\000,\000\040\000C\000l\000o\000s\000e\000d\000\040\000a\000n\000d\000\040\000L\000o\000c\000a\000l\000l\000y\000\040\000C\000l\000o\000s\000e\000d\000\040\000E\000m\000b\000e\000d\000d\000i\000n\000g\000s}{section.6}% 27
\BOOKMARK [2][-]{subsection.6.4}{\376\377\000M\000o\000r\000p\000h\000i\000s\000m\000s\000\040\000o\000f\000\040\000F\000i\000n\000i\000t\000e\000\040\000T\000y\000p\000e\000s}{section.6}% 28
\BOOKMARK [2][-]{subsection.6.5}{\376\377\000F\000i\000n\000i\000t\000e\000\040\000M\000o\000r\000p\000h\000i\000s\000m\000s}{section.6}% 29
\BOOKMARK [2][-]{subsection.6.6}{\376\377\000I\000n\000t\000e\000g\000r\000a\000l\000\040\000M\000o\000r\000p\000h\000i\000s\000m\000s}{section.6}% 30
\BOOKMARK [1][-]{section.7}{\376\377\000S\000e\000p\000a\000r\000a\000t\000e\000d\000\040\000a\000n\000d\000\040\000P\000r\000o\000p\000e\000r\000\040\000M\000o\000r\000p\000h\000i\000s\000m\000s}{}% 31
\BOOKMARK [2][-]{subsection.7.1}{\376\377\000S\000e\000p\000a\000r\000a\000t\000e\000d\000\040\000M\000o\000r\000p\000h\000i\000s\000m\000s}{section.7}% 32
\BOOKMARK [2][-]{subsection.7.2}{\376\377\000P\000r\000o\000p\000e\000r\000\040\000M\000o\000r\000p\000h\000i\000s\000m\000s}{section.7}% 33
\BOOKMARK [1][-]{section.8}{\376\377\000R\000e\000l\000a\000t\000i\000o\000n\000\040\000t\000o\000\040\000C\000l\000a\000s\000s\000i\000c\000a\000l\000\040\000V\000a\000r\000i\000e\000t\000i\000e\000s}{}% 34
\BOOKMARK [2][-]{subsection.8.1}{\376\377\000V\000a\000r\000i\000e\000t\000i\000e\000s\000\040\000R\000e\000v\000i\000s\000i\000t\000e\000d}{section.8}% 35
\BOOKMARK [2][-]{subsection.8.2}{\376\377\000C\000o\000m\000p\000l\000e\000t\000e\000\040\000V\000a\000r\000i\000e\000t\000i\000e\000s}{section.8}% 36
\BOOKMARK [1][-]{section.9}{\376\377\000S\000h\000e\000a\000f\000\040\000o\000f\000\040\000M\000o\000d\000u\000l\000e\000s\000\040\000o\000v\000e\000r\000\040\000a\000\040\000S\000c\000h\000e\000m\000e}{}% 37
\BOOKMARK [2][-]{subsection.9.1}{\376\377\000T\000h\000e\000\040\000A\000s\000s\000o\000c\000i\000a\000t\000e\000d\000\040\000S\000h\000e\000a\000f\000\040\000o\000f\000\040\000M\000o\000d\000u\000l\000e\000s}{section.9}% 38
\BOOKMARK [2][-]{subsection.9.2}{\376\377\000T\000h\000e\000\040\000A\000s\000s\000o\000c\000i\000a\000t\000e\000d\000\040\000S\000h\000e\000a\000f\000\040\000o\000f\000\040\000G\000r\000a\000d\000e\000d\000\040\000M\000o\000d\000u\000l\000e\000s}{section.9}% 39
\BOOKMARK [2][-]{subsection.9.3}{\376\377\000S\000h\000e\000a\000v\000e\000s\000\040\000o\000n\000\040\000D\000i\000s\000t\000i\000n\000g\000u\000i\000s\000h\000e\000d\000\040\000A\000f\000f\000i\000n\000e\000\040\000B\000a\000s\000e}{section.9}% 40
\BOOKMARK [2][-]{subsection.9.4}{\376\377\000Q\000u\000a\000s\000i\000-\000C\000o\000h\000e\000r\000e\000n\000t\000\040\000M\000o\000d\000u\000l\000e\000s}{section.9}% 41
\BOOKMARK [2][-]{subsection.9.5}{\376\377\000S\000h\000e\000a\000v\000e\000s\000\040\000o\000f\000\040\000F\000i\000n\000i\000t\000e\000\040\000T\000y\000p\000e\000\040\000a\000n\000d\000\040\000F\000i\000n\000i\000t\000e\000l\000y\000\040\000P\000r\000e\000s\000e\000n\000t\000e\000d}{section.9}% 42
\BOOKMARK [2][-]{subsection.9.6}{\376\377\000C\000o\000h\000e\000r\000e\000n\000t\000\040\000M\000o\000d\000u\000l\000e\000s}{section.9}% 43
\BOOKMARK [2][-]{subsection.9.7}{\376\377\000A\000d\000j\000u\000n\000c\000t\000i\000o\000n\000\040\000F\000o\000r\000m\000u\000l\000a\000s}{section.9}% 44
\BOOKMARK [2][-]{subsection.9.8}{\376\377\000C\000o\000n\000n\000e\000c\000t\000i\000o\000n\000s\000\040\000t\000o\000\040\000A\000s\000s\000o\000c\000i\000a\000t\000e\000d\000\040\000P\000r\000i\000m\000e\000s}{section.9}% 45
\BOOKMARK [2][-]{subsection.9.9}{\376\377\000V\000e\000c\000t\000o\000r\000\040\000B\000u\000n\000d\000l\000e\000s\000\040\000o\000v\000e\000r\000\040\000a\000\040\000S\000c\000h\000e\000m\000e}{section.9}% 46
\BOOKMARK [1][-]{section.10}{\376\377\000S\000u\000b\000s\000c\000h\000e\000m\000e\000s\000\040\000o\000f\000\040\000a\000\040\000S\000c\000h\000e\000m\000e}{}% 47
\BOOKMARK [2][-]{subsection.10.1}{\376\377\000O\000p\000e\000n\000\040\000S\000u\000b\000s\000c\000h\000e\000m\000e\000s}{section.10}% 48
\BOOKMARK [2][-]{subsection.10.2}{\376\377\000C\000l\000o\000s\000e\000d\000\040\000S\000u\000b\000s\000c\000h\000e\000m\000e\000s}{section.10}% 49
\BOOKMARK [2][-]{subsection.10.3}{\376\377\000L\000o\000c\000a\000l\000l\000y\000\040\000C\000l\000o\000s\000e\000d\000\040\000S\000u\000b\000s\000c\000h\000e\000m\000e\000s}{section.10}% 50
\BOOKMARK [1][-]{section.11}{\376\377\000T\000h\000e\000\040\000G\000e\000o\000m\000e\000t\000r\000y\000\040\000o\000f\000\040\000S\000c\000h\000e\000m\000e\000s}{}% 51
\BOOKMARK [2][-]{subsection.11.1}{\376\377\000D\000i\000m\000e\000n\000s\000i\000o\000n\000\040\000a\000n\000d\000\040\000C\000o\000d\000i\000m\000e\000n\000s\000i\000o\000n}{section.11}% 52
\BOOKMARK [2][-]{subsection.11.2}{\376\377\000N\000o\000r\000m\000a\000l\000i\000t\000y}{section.11}% 53
\BOOKMARK [2][-]{subsection.11.3}{\376\377\000R\000e\000g\000u\000l\000a\000r\000i\000t\000y}{section.11}% 54
\BOOKMARK [2][-]{subsection.11.4}{\376\377\000S\000m\000o\000o\000t\000h\000n\000e\000s\000s}{section.11}% 55
\BOOKMARK [2][-]{subsection.11.5}{\376\377\000T\000h\000e\000\040\000T\000a\000n\000g\000e\000n\000t\000\040\000S\000p\000a\000c\000e}{section.11}% 56
\BOOKMARK [1][-]{section.12}{\376\377\000T\000h\000e\000\040\000T\000h\000e\000o\000r\000y\000\040\000o\000f\000\040\000D\000i\000v\000i\000s\000o\000r\000s}{}% 57
\BOOKMARK [2][-]{subsection.12.1}{\376\377\000W\000e\000i\000l\000\040\000D\000i\000v\000i\000s\000o\000r\000s}{section.12}% 58
\BOOKMARK [2][-]{subsection.12.2}{\376\377\000F\000r\000o\000m\000\040\000W\000e\000i\000l\000\040\000D\000i\000v\000i\000s\000o\000r\000s\000\040\000t\000o\000\040\000S\000h\000e\000a\000v\000e\000s}{section.12}% 59
\BOOKMARK [2][-]{subsection.12.3}{\376\377\000C\000a\000r\000t\000i\000e\000r\000\040\000D\000i\000v\000i\000s\000o\000r\000s}{section.12}% 60
\BOOKMARK [2][-]{subsection.12.4}{\376\377\000F\000r\000o\000m\000\040\000C\000a\000r\000t\000i\000e\000r\000\040\000D\000i\000v\000i\000s\000o\000r\000s\000\040\000t\000o\000\040\000S\000h\000e\000a\000v\000e\000s}{section.12}% 61
\BOOKMARK [2][-]{subsection.12.5}{\376\377\000C\000o\000m\000p\000a\000r\000i\000s\000o\000n\000\040\000o\000f\000\040\000W\000e\000i\000l\000\040\000a\000n\000d\000\040\000C\000a\000r\000t\000i\000e\000r\000\040\000D\000i\000v\000i\000s\000o\000r\000s}{section.12}% 62
\BOOKMARK [1][-]{section.13}{\376\377\000C\000l\000a\000s\000s\000i\000f\000y\000i\000n\000g\000\040\000M\000a\000p\000s\000\040\000t\000o\000\040\000P\000r\000o\000j\000e\000c\000t\000i\000v\000e\000\040\000S\000p\000a\000c\000e}{}% 63
\BOOKMARK [2][-]{subsection.13.1}{\376\377\000B\000a\000s\000e\000\040\000P\000o\000i\000n\000t\000s\000\040\000a\000n\000d\000\040\000M\000o\000r\000p\000h\000i\000s\000m\000s\000\040\000t\000o\000\040\000P\000r\000o\000j\000e\000c\000t\000i\000v\000e\000\040\000S\000p\000a\000c\000e}{section.13}% 64
\BOOKMARK [2][-]{subsection.13.2}{\376\377\000A\000m\000p\000l\000e\000\040\000a\000n\000d\000\040\000V\000e\000r\000y\000\040\000A\000m\000p\000l\000e\000\040\000L\000i\000n\000e\000\040\000B\000u\000n\000d\000l\000e\000s}{section.13}% 65
\BOOKMARK [2][-]{subsection.13.3}{\376\377\000R\000e\000l\000a\000t\000i\000o\000n\000\040\000t\000o\000\040\000D\000i\000v\000i\000s\000o\000r\000s}{section.13}% 66
\BOOKMARK [1][-]{section.14}{\376\377\000D\000i\000f\000f\000e\000r\000e\000n\000t\000i\000a\000l\000s}{}% 67
\BOOKMARK [2][-]{subsection.14.1}{\376\377\000T\000h\000e\000\040\000S\000h\000e\000a\000f\000\040\000o\000f\000\040\000D\000i\000f\000f\000e\000r\000e\000n\000t\000i\000a\000l\000s}{section.14}% 68
\BOOKMARK [2][-]{subsection.14.2}{\376\377\000S\000m\000o\000o\000t\000h\000\040\000M\000o\000r\000p\000h\000i\000s\000m\000s}{section.14}% 69
\BOOKMARK [2][-]{subsection.14.3}{\376\377\000S\000m\000o\000o\000t\000h\000\040\000L\000o\000c\000u\000s}{section.14}% 70
\BOOKMARK [2][-]{subsection.14.4}{\376\377\000D\000i\000f\000f\000e\000r\000e\000n\000t\000i\000a\000l\000\040\000F\000o\000r\000m\000s\000\040\000o\000n\000\040\000V\000a\000r\000i\000e\000t\000i\000e\000s}{section.14}% 71
\BOOKMARK [2][-]{subsection.14.5}{\376\377\000H\000i\000g\000h\000e\000r\000\040\000D\000i\000f\000f\000e\000r\000e\000n\000t\000i\000a\000l\000\040\000F\000o\000r\000m\000s}{section.14}% 72
\BOOKMARK [1][-]{section.15}{\376\377\000C\000o\000h\000o\000m\000o\000l\000o\000g\000y\000\040\000o\000f\000\040\000S\000c\000h\000e\000m\000e\000s}{}% 73
\BOOKMARK [2][-]{subsection.15.1}{\376\377\000C\000e\000c\000h\000\040\000C\000o\000h\000o\000m\000o\000l\000o\000g\000y\000\040\000o\000f\000\040\000S\000c\000h\000e\000m\000e\000s}{section.15}% 74
\BOOKMARK [2][-]{subsection.15.2}{\376\377\000C\000o\000h\000o\000m\000o\000l\000o\000g\000y\000\040\000o\000f\000\040\000a\000\040\000N\000o\000e\000t\000h\000e\000r\000i\000a\000n\000\040\000S\000c\000h\000e\000m\000e}{section.15}% 75
\BOOKMARK [2][-]{subsection.15.3}{\376\377\000R\000e\000l\000a\000t\000i\000o\000n\000\040\000t\000o\000\040\000D\000i\000v\000i\000s\000o\000r\000s}{section.15}% 76
