\BOOKMARK [1][-]{section.1}{\376\377\000A\000l\000g\000e\000b\000r\000a\000\040\000o\000f\000\040\000C\000h\000a\000i\000n\000\040\000C\000o\000m\000p\000l\000e\000x\000e\000s}{}% 1
\BOOKMARK [2][-]{subsection.1.1}{\376\377\000C\000h\000a\000i\000n\000\040\000C\000o\000m\000p\000l\000e\000x\000e\000s}{section.1}% 2
\BOOKMARK [2][-]{subsection.1.2}{\376\377\000C\000h\000a\000i\000n\000\040\000H\000o\000m\000o\000t\000o\000p\000i\000e\000s}{section.1}% 3
\BOOKMARK [2][-]{subsection.1.3}{\376\377\000S\000e\000q\000u\000e\000n\000c\000e\000s\000\040\000o\000f\000\040\000C\000h\000a\000i\000n\000\040\000C\000o\000m\000p\000l\000e\000x\000e\000s}{section.1}% 4
\BOOKMARK [2][-]{subsection.1.4}{\376\377\000C\000o\000c\000h\000a\000i\000n\000\040\000C\000o\000m\000p\000l\000e\000x\000e\000s}{section.1}% 5
\BOOKMARK [2][-]{subsection.1.5}{\376\377\000P\000r\000o\000d\000u\000c\000i\000n\000g\000\040\000a\000\040\000C\000o\000c\000h\000a\000i\000n\000\040\000C\000o\000m\000p\000l\000e\000x\000\040\000f\000r\000o\000m\000\040\000a\000\040\000C\000h\000a\000i\000n\000\040\000C\000o\000m\000p\000l\000e\000x}{section.1}% 6
\BOOKMARK [2][-]{subsection.1.6}{\376\377\000K\000o\000s\000z\000u\000l\000\040\000C\000o\000m\000p\000l\000e\000x\000e\000s}{section.1}% 7
\BOOKMARK [1][-]{section.2}{\376\377\000E\000x\000t\000\040\000a\000n\000d\000\040\000T\000o\000r\000\040\000G\000r\000o\000u\000p\000s}{}% 8
\BOOKMARK [2][-]{subsection.2.1}{\376\377\000I\000n\000j\000e\000c\000t\000i\000v\000e\000\040\000M\000o\000d\000u\000l\000e\000s}{section.2}% 9
\BOOKMARK [2][-]{subsection.2.2}{\376\377\000P\000r\000o\000j\000e\000c\000t\000i\000v\000e\000\040\000M\000o\000d\000u\000l\000e\000s}{section.2}% 10
\BOOKMARK [2][-]{subsection.2.3}{\376\377\000R\000e\000s\000o\000l\000u\000t\000i\000o\000n\000s}{section.2}% 11
\BOOKMARK [2][-]{subsection.2.4}{\376\377\000T\000h\000e\000\040\000E\000x\000t\000\040\000F\000u\000n\000c\000t\000o\000r}{section.2}% 12
\BOOKMARK [2][-]{subsection.2.5}{\376\377\000F\000l\000a\000t\000\040\000M\000o\000d\000u\000l\000e\000s}{section.2}% 13
\BOOKMARK [2][-]{subsection.2.6}{\376\377\000T\000h\000e\000\040\000T\000o\000r\000\040\000F\000u\000n\000c\000t\000o\000r}{section.2}% 14
\BOOKMARK [2][-]{subsection.2.7}{\376\377\000T\000h\000e\000\040\000U\000n\000i\000v\000e\000r\000s\000a\000l\000\040\000C\000o\000e\000f\000f\000i\000c\000i\000e\000n\000t\000\040\000T\000h\000e\000o\000r\000e\000m\000s}{section.2}% 15
\BOOKMARK [1][-]{section.3}{\376\377\000T\000o\000p\000i\000c\000s\000\040\000i\000n\000\040\000t\000h\000e\000\040\000E\000x\000t\000\040\000G\000r\000o\000u\000p\000s}{}% 16
\BOOKMARK [2][-]{subsection.3.1}{\376\377\000E\000x\000t\000e\000n\000s\000i\000o\000n\000\040\000o\000f\000\040\000M\000o\000d\000u\000l\000e\000s}{section.3}% 17
\BOOKMARK [2][-]{subsection.3.2}{\376\377\000T\000h\000e\000\040\000Y\000o\000n\000e\000d\000a\000\040\000P\000r\000o\000d\000u\000c\000t}{section.3}% 18
\BOOKMARK [2][-]{subsection.3.3}{\376\377\000T\000h\000e\000\040\000E\000x\000t\000e\000r\000n\000a\000l\000\040\000P\000r\000o\000d\000u\000c\000t}{section.3}% 19
\BOOKMARK [1][-]{section.4}{\376\377\000H\000o\000m\000o\000l\000o\000g\000i\000c\000a\000l\000\040\000A\000l\000g\000e\000b\000r\000a\000\040\000o\000f\000\040\000A\000b\000e\000l\000i\000a\000n\000\040\000G\000r\000o\000u\000p\000s}{}% 20
\BOOKMARK [2][-]{subsection.4.1}{\376\377\000E\000x\000t\000\040\000a\000n\000d\000\040\000T\000o\000r\000\040\000f\000o\000r\000\040\000A\000b\000e\000l\000i\000a\000n\000\040\000G\000r\000o\000u\000p\000s}{section.4}% 21
\BOOKMARK [2][-]{subsection.4.2}{\376\377\000D\000i\000v\000i\000s\000i\000b\000l\000e\000\040\000G\000r\000o\000u\000p\000s}{section.4}% 22
