\BOOKMARK [1][-]{section.1}{\376\377\000C\000o\000m\000b\000i\000n\000a\000t\000o\000r\000i\000a\000l\000\040\000C\000o\000m\000m\000u\000t\000a\000t\000i\000v\000e\000\040\000A\000l\000g\000e\000b\000r\000a}{}% 1
\BOOKMARK [2][-]{subsection.1.1}{\376\377\000S\000t\000a\000n\000l\000e\000y\000-\000R\000e\000i\000s\000n\000e\000r\000\040\000R\000i\000n\000g\000s}{section.1}% 2
\BOOKMARK [2][-]{subsection.1.2}{\376\377\000T\000h\000e\000\040\000H\000i\000l\000b\000e\000r\000t\000\040\000S\000e\000r\000i\000e\000s\000\040\000o\000f\000\040\000S\000t\000a\000n\000l\000e\000y\000-\000R\000e\000i\000s\000n\000e\000r\000\040\000R\000i\000n\000g\000s}{section.1}% 3
\BOOKMARK [1][-]{section.2}{\376\377\000P\000o\000l\000y\000h\000e\000d\000r\000a\000l\000\040\000P\000r\000o\000d\000u\000c\000t\000s}{}% 4
\BOOKMARK [2][-]{subsection.2.1}{\376\377\000T\000h\000e\000\040\000H\000o\000m\000o\000t\000o\000p\000y\000\040\000T\000h\000e\000o\000r\000y\000\040\000o\000f\000\040\000P\000o\000l\000y\000h\000e\000d\000r\000a\000l\000\040\000P\000r\000o\000d\000u\000c\000t\000s}{section.2}% 5
\BOOKMARK [2][-]{subsection.2.2}{\376\377\000F\000a\000t\000\040\000W\000e\000d\000g\000e\000\040\000F\000i\000l\000t\000r\000a\000t\000i\000o\000n\000s}{section.2}% 6
\BOOKMARK [2][-]{subsection.2.3}{\376\377\000O\000t\000h\000e\000r\000\040\000R\000e\000s\000u\000l\000t\000s}{section.2}% 7
\BOOKMARK [1][-]{section.3}{\376\377\000M\000o\000m\000e\000n\000t\000\040\000A\000n\000g\000l\000e\000\040\000C\000o\000m\000p\000l\000e\000x\000e\000s}{}% 8
\BOOKMARK [2][-]{subsection.3.1}{\376\377\000B\000a\000s\000i\000c\000\040\000D\000e\000f\000i\000n\000i\000t\000i\000o\000n\000s}{section.3}% 9
\BOOKMARK [2][-]{subsection.3.2}{\376\377\000H\000o\000m\000o\000t\000o\000p\000y\000\040\000T\000h\000e\000o\000r\000y\000\040\000o\000f\000\040\000M\000o\000m\000e\000n\000t\000\040\000A\000n\000g\000l\000e\000\040\000C\000o\000m\000p\000l\000e\000x\000e\000s}{section.3}% 10
\BOOKMARK [2][-]{subsection.3.3}{\376\377\000C\000o\000h\000o\000m\000o\000l\000o\000g\000y\000\040\000o\000f\000\040\000M\000o\000m\000e\000n\000t\000\040\000A\000n\000g\000l\000e\000\040\000C\000o\000m\000p\000l\000e\000x\000e\000s}{section.3}% 11
\BOOKMARK [2][-]{subsection.3.4}{\376\377\000G\000e\000o\000m\000e\000t\000r\000y\000\040\000o\000f\000\040\000M\000o\000m\000e\000n\000t\000\040\000A\000n\000g\000l\000e\000\040\000C\000o\000m\000p\000l\000e\000x\000e\000s}{section.3}% 12
\BOOKMARK [2][-]{subsection.3.5}{\376\377\000I\000n\000t\000e\000r\000s\000e\000c\000t\000i\000o\000n\000\040\000o\000f\000\040\000Q\000u\000a\000d\000r\000i\000c\000s}{section.3}% 13
\BOOKMARK [1][-]{section.4}{\376\377\000R\000e\000a\000l\000\040\000M\000o\000m\000e\000n\000t\000\040\000A\000n\000g\000l\000e\000\040\000C\000o\000m\000p\000l\000e\000x\000e\000s}{}% 14
\BOOKMARK [2][-]{subsection.4.1}{\376\377\000T\000h\000e\000\040\000F\000a\000t\000\040\000W\000e\000d\000g\000e\000\040\000F\000i\000l\000t\000r\000a\000t\000i\000o\000n\000\040\000o\000f\000\040\000R\000e\000a\000l\000\040\000M\000o\000m\000e\000n\000t\000\040\000A\000n\000g\000l\000e\000\040\000C\000o\000m\000p\000l\000e\000x\000e\000s}{section.4}% 15
\BOOKMARK [1][-]{section.5}{\376\377\000R\000e\000s\000e\000a\000r\000c\000h\000\040\000N\000o\000t\000e\000s}{}% 16
\BOOKMARK [1][-]{section.6}{\376\377\000B\000a\000s\000i\000c\000\040\000D\000e\000f\000i\000n\000i\000t\000i\000o\000n\000s}{}% 17
\BOOKMARK [2][-]{subsection.6.1}{\376\377\000S\000y\000m\000p\000l\000e\000c\000t\000i\000c\000\040\000M\000a\000n\000i\000f\000o\000l\000d\000s}{section.6}% 18
\BOOKMARK [2][-]{subsection.6.2}{\376\377\000S\000t\000a\000n\000d\000a\000r\000d\000\040\000S\000y\000m\000p\000l\000e\000c\000t\000i\000c\000\040\000C\000o\000o\000r\000d\000i\000n\000a\000t\000e\000s}{section.6}% 19
\BOOKMARK [2][-]{subsection.6.3}{\376\377\000M\000a\000p\000s\000\040\000P\000r\000e\000s\000e\000r\000v\000i\000n\000g\000\040\000t\000h\000e\000\040\000S\000y\000m\000p\000l\000e\000c\000t\000i\000c\000\040\000S\000t\000r\000u\000c\000t\000u\000r\000e}{section.6}% 20
\BOOKMARK [2][-]{subsection.6.4}{\376\377\000S\000y\000m\000p\000l\000e\000c\000t\000i\000c\000\040\000S\000t\000r\000u\000c\000t\000u\000r\000e\000\040\000o\000n\000\040\000t\000h\000e\000\040\000C\000o\000t\000a\000n\000g\000e\000n\000t\000\040\000B\000u\000n\000d\000l\000e}{section.6}% 21
\BOOKMARK [1][-]{section.7}{\376\377\000L\000a\000g\000r\000a\000n\000g\000i\000a\000n\000\040\000S\000u\000b\000m\000a\000n\000i\000f\000o\000l\000d\000s}{}% 22
\BOOKMARK [2][-]{subsection.7.1}{\376\377\000R\000e\000l\000a\000t\000i\000o\000n\000\040\000t\000o\000\040\000S\000y\000m\000p\000l\000e\000c\000t\000o\000m\000o\000r\000p\000h\000i\000s\000m\000s}{section.7}% 23
\BOOKMARK [2][-]{subsection.7.2}{\376\377\000G\000e\000n\000e\000r\000a\000t\000i\000n\000g\000\040\000F\000u\000n\000c\000t\000i\000o\000n\000s}{section.7}% 24
\BOOKMARK [1][-]{section.8}{\376\377\000C\000a\000l\000c\000u\000l\000u\000s\000\040\000o\000n\000\040\000S\000y\000m\000p\000l\000e\000c\000t\000i\000c\000\040\000M\000a\000n\000i\000f\000o\000l\000d\000s}{}% 25
\BOOKMARK [2][-]{subsection.8.1}{\376\377\000S\000y\000m\000p\000l\000e\000c\000t\000i\000c\000\040\000V\000e\000c\000t\000o\000r\000\040\000F\000i\000e\000l\000d\000s}{section.8}% 26
\BOOKMARK [2][-]{subsection.8.2}{\376\377\000H\000a\000m\000i\000l\000t\000o\000n\000i\000a\000n\000\040\000V\000e\000c\000t\000o\000r\000\040\000F\000i\000e\000l\000d\000s}{section.8}% 27
\BOOKMARK [2][-]{subsection.8.3}{\376\377\000T\000h\000e\000\040\000P\000o\000i\000s\000s\000o\000n\000\040\000S\000t\000r\000u\000c\000t\000u\000r\000e}{section.8}% 28
\BOOKMARK [2][-]{subsection.8.4}{\376\377\000I\000n\000t\000e\000g\000r\000a\000b\000l\000e\000\040\000S\000y\000s\000t\000e\000m\000s}{section.8}% 29
\BOOKMARK [1][-]{section.9}{\376\377\000S\000y\000m\000p\000l\000e\000c\000t\000i\000c\000\040\000a\000n\000d\000\040\000H\000a\000m\000i\000l\000t\000o\000n\000i\000a\000n\000\040\000A\000c\000t\000i\000o\000n\000s}{}% 30
\BOOKMARK [2][-]{subsection.9.1}{\376\377\000S\000y\000m\000p\000l\000e\000c\000t\000i\000c\000\040\000A\000c\000t\000i\000o\000n\000s}{section.9}% 31
\BOOKMARK [2][-]{subsection.9.2}{\376\377\000M\000o\000m\000e\000n\000t\000\040\000M\000a\000p\000s}{section.9}% 32
\BOOKMARK [2][-]{subsection.9.3}{\376\377\000H\000a\000m\000i\000l\000t\000o\000n\000i\000a\000n\000\040\000A\000c\000t\000i\000o\000n\000s}{section.9}% 33
\BOOKMARK [2][-]{subsection.9.4}{\376\377\000H\000a\000m\000i\000l\000t\000o\000n\000i\000a\000n\000\040\000T\000o\000r\000u\000s\000\040\000A\000c\000t\000i\000o\000n\000s}{section.9}% 34
\BOOKMARK [1][-]{section.10}{\376\377\000Q\000u\000a\000s\000i\000t\000o\000r\000i\000c\000\040\000M\000a\000n\000i\000f\000o\000l\000d\000s}{}% 35
\BOOKMARK [2][-]{subsection.10.1}{\376\377\000T\000h\000e\000\040\000D\000a\000v\000i\000s\000-\000J\000a\000n\000u\000s\000z\000k\000i\000e\000w\000i\000c\000z\000\040\000C\000l\000a\000s\000s\000i\000f\000i\000c\000a\000t\000i\000o\000n\000\040\000T\000h\000e\000o\000r\000e\000m}{section.10}% 36
\BOOKMARK [2][-]{subsection.10.2}{\376\377\000B\000a\000s\000i\000c\000\040\000S\000t\000r\000u\000c\000t\000u\000r\000e\000s}{section.10}% 37
\BOOKMARK [2][-]{subsection.10.3}{\376\377\000B\000u\000n\000d\000l\000e\000s\000\040\000o\000v\000e\000r\000\040\000Q\000u\000a\000s\000i\000t\000o\000r\000i\000c\000\040\000M\000a\000n\000i\000f\000o\000l\000d\000s}{section.10}% 38
\BOOKMARK [1][-]{section.11}{\376\377\000K\000a\000h\000l\000e\000r\000\040\000M\000a\000n\000i\000f\000o\000l\000d\000s}{}% 39
\BOOKMARK [2][-]{subsection.11.1}{\376\377\000E\000q\000u\000i\000v\000a\000l\000e\000n\000t\000\040\000D\000e\000f\000i\000n\000i\000t\000i\000o\000n\000s}{section.11}% 40
\BOOKMARK [2][-]{subsection.11.2}{\376\377\000B\000a\000s\000i\000c\000\040\000S\000t\000r\000u\000c\000t\000u\000r\000e\000s}{section.11}% 41
\BOOKMARK [2][-]{subsection.11.3}{\376\377\000M\000a\000i\000n\000\040\000T\000h\000e\000o\000r\000e\000m\000s}{section.11}% 42
\BOOKMARK [2][-]{subsection.11.4}{\376\377\000L\000i\000n\000e\000\040\000B\000u\000n\000d\000l\000e\000s\000\040\000o\000n\000\040\000K\000a\000h\000l\000e\000r\000\040\000M\000a\000n\000i\000f\000o\000l\000d\000s}{section.11}% 43
\BOOKMARK [1][-]{section.12}{\376\377\000A\000l\000g\000e\000b\000r\000a}{}% 44
\BOOKMARK [2][-]{subsection.12.1}{\376\377\000A\000l\000g\000e\000b\000r\000a\000,\000\040\000C\000o\000a\000l\000g\000e\000b\000r\000a\000\040\000a\000n\000d\000\040\000B\000i\000a\000l\000g\000e\000b\000r\000a}{section.12}% 45
\BOOKMARK [2][-]{subsection.12.2}{\376\377\000H\000o\000p\000f\000\040\000A\000l\000g\000e\000b\000r\000a}{section.12}% 46
\BOOKMARK [2][-]{subsection.12.3}{\376\377\000D\000i\000f\000f\000e\000r\000e\000n\000t\000i\000a\000l\000\040\000G\000r\000a\000d\000e\000d\000\040\000A\000l\000g\000e\000b\000r\000a\000s}{section.12}% 47
\BOOKMARK [2][-]{subsection.12.4}{\376\377\000M\000i\000n\000i\000m\000a\000l\000\040\000D\000G\000A\000s}{section.12}% 48
\BOOKMARK [2][-]{subsection.12.5}{\376\377\000M\000a\000s\000s\000e\000y\000\040\000P\000r\000o\000d\000u\000c\000t\000s}{section.12}% 49
\BOOKMARK [1][-]{section.13}{\376\377\000K\000o\000s\000z\000u\000l\000\040\000A\000l\000g\000e\000b\000r\000a\000s\000\040\000a\000n\000d\000\040\000Q\000u\000a\000d\000r\000a\000t\000i\000c\000\040\000A\000l\000g\000e\000b\000r\000a\000s}{}% 50
\BOOKMARK [1][-]{section.14}{\376\377\000P\000r\000o\000f\000i\000n\000i\000t\000e\000\040\000G\000r\000o\000u\000p\000s}{}% 51
\BOOKMARK [2][-]{subsection.14.1}{\376\377\000B\000a\000s\000i\000c\000\040\000P\000r\000o\000p\000e\000r\000t\000i\000e\000s}{section.14}% 52
\BOOKMARK [2][-]{subsection.14.2}{\376\377\000P\000r\000o\000f\000i\000n\000i\000t\000e\000\040\000C\000o\000m\000p\000l\000e\000t\000i\000o\000n}{section.14}% 53
\BOOKMARK [1][-]{section.15}{\376\377\000E\000q\000u\000i\000v\000a\000r\000i\000a\000n\000t\000\040\000A\000l\000g\000e\000b\000r\000a\000i\000c\000\040\000T\000o\000p\000o\000l\000o\000g\000y}{}% 54
\BOOKMARK [2][-]{subsection.15.1}{\376\377\000G\000-\000H\000o\000m\000o\000t\000o\000p\000y}{section.15}% 55
\BOOKMARK [2][-]{subsection.15.2}{\376\377\000E\000q\000u\000i\000v\000a\000r\000i\000a\000n\000t\000\040\000C\000W\000\040\000C\000o\000m\000p\000l\000e\000x\000e\000s}{section.15}% 56
\BOOKMARK [2][-]{subsection.15.3}{}{section.15}% 57
\BOOKMARK [1][-]{section.16}{}{}% 58
\BOOKMARK [1][-]{section.17}{}{}% 59
\BOOKMARK [1][-]{section.18}{\376\377\000I\000n\000f\000i\000n\000i\000t\000e\000\040\000G\000a\000l\000o\000i\000s\000\040\000T\000h\000e\000o\000r\000y}{}% 60
\BOOKMARK [1][-]{section.19}{\376\377\000L\000o\000c\000a\000l\000\040\000C\000o\000h\000o\000m\000o\000l\000o\000g\000y}{}% 61
\BOOKMARK [2][-]{subsection.19.1}{}{section.19}% 62
\BOOKMARK [1][-]{section.20}{\376\377\000M\000o\000r\000i\000t\000a\000\040\000T\000h\000e\000o\000r\000y}{}% 63
\BOOKMARK [2][-]{subsection.20.1}{}{section.20}% 64
\BOOKMARK [2][-]{subsection.20.2}{\376\377\000P\000r\000o\000g\000e\000n\000e\000r\000a\000t\000o\000r\000s}{section.20}% 65
\BOOKMARK [2][-]{subsection.20.3}{\376\377\000P\000r\000o\000p\000e\000r\000t\000i\000e\000s\000\040\000o\000f\000\040\000M\000o\000r\000i\000t\000a\000\040\000E\000q\000u\000i\000v\000a\000l\000e\000n\000c\000e}{section.20}% 66
\BOOKMARK [1][-]{section.21}{\376\377\000C\000o\000m\000p\000l\000e\000x\000\040\000A\000n\000a\000l\000y\000t\000i\000c\000\040\000S\000p\000a\000c\000e}{}% 67
\BOOKMARK [2][-]{subsection.21.1}{\376\377\000C\000o\000m\000p\000l\000e\000x\000\040\000A\000n\000a\000l\000y\000t\000i\000c\000\040\000V\000a\000r\000i\000e\000t\000i\000e\000s}{section.21}% 68
\BOOKMARK [2][-]{subsection.21.2}{\376\377\000C\000o\000m\000p\000l\000e\000x\000\040\000A\000n\000a\000l\000y\000t\000i\000c\000\040\000S\000u\000b\000v\000a\000r\000i\000e\000t\000i\000e\000s\000\040\000o\000f\000\040\000M\000a\000n\000i\000f\000o\000l\000d\000s}{section.21}% 69
\BOOKMARK [2][-]{subsection.21.3}{\376\377\000C\000o\000m\000p\000l\000e\000x\000\040\000A\000n\000a\000l\000y\000t\000i\000c\000\040\000S\000p\000a\000c\000e\000s}{section.21}% 70
\BOOKMARK [2][-]{subsection.21.4}{\376\377\000C\000o\000n\000n\000e\000c\000t\000i\000o\000n\000s\000\040\000t\000o\000\040\000A\000l\000g\000e\000b\000r\000a\000i\000c\000\040\000G\000e\000o\000m\000e\000t\000r\000y}{section.21}% 71
\BOOKMARK [1][-]{section.22}{\376\377\000D\000i\000v\000i\000s\000o\000r\000s\000\040\000a\000n\000d\000\040\000L\000i\000n\000e\000\040\000B\000u\000n\000d\000l\000e\000s}{}% 72
\BOOKMARK [2][-]{subsection.22.1}{\376\377\000D\000i\000v\000i\000s\000o\000r\000s}{section.22}% 73
\BOOKMARK [2][-]{subsection.22.2}{\376\377\000H\000o\000l\000o\000m\000o\000r\000p\000h\000i\000c\000\040\000L\000i\000n\000e\000\040\000B\000u\000n\000d\000l\000e\000s}{section.22}% 74
\BOOKMARK [2][-]{subsection.22.3}{\376\377\000K\000o\000d\000a\000i\000r\000a\000\040\000D\000i\000m\000e\000n\000s\000i\000o\000n}{section.22}% 75
\BOOKMARK [1][-]{section.23}{\376\377\000C\000o\000m\000p\000a\000c\000t\000\040\000K\000a\000h\000l\000e\000r\000\040\000M\000a\000n\000i\000f\000o\000l\000d\000s}{}% 76
\BOOKMARK [2][-]{subsection.23.1}{\376\377\000K\000o\000d\000a\000i\000r\000a\000\040\000E\000m\000b\000e\000d\000d\000i\000n\000g\000\040\000T\000h\000e\000o\000r\000e\000m}{section.23}% 77
\BOOKMARK [2][-]{subsection.23.2}{\376\377\000P\000r\000o\000j\000e\000c\000t\000i\000v\000e\000\040\000C\000u\000r\000v\000e\000s}{section.23}% 78
\BOOKMARK [1][-]{section.24}{\376\377\000A\000n\000a\000l\000y\000t\000i\000c\000\040\000M\000a\000n\000i\000f\000o\000l\000d\000s}{}% 79
\BOOKMARK [2][-]{subsection.24.1}{\376\377\000R\000e\000a\000l\000\040\000A\000n\000a\000l\000y\000t\000i\000c\000\040\000M\000a\000n\000i\000f\000o\000l\000d\000s}{section.24}% 80
\BOOKMARK [1][-]{section.25}{\376\377\000A\000n\000a\000l\000y\000t\000i\000c\000\040\000V\000a\000r\000i\000e\000t\000i\000e\000s}{}% 81
\BOOKMARK [2][-]{subsection.25.1}{\376\377\000R\000e\000a\000l\000\040\000A\000n\000a\000l\000y\000t\000i\000c\000\040\000V\000a\000r\000i\000e\000t\000i\000e\000s}{section.25}% 82
\BOOKMARK [2][-]{subsection.25.2}{\376\377\000R\000e\000g\000u\000l\000a\000r\000\040\000a\000n\000d\000\040\000S\000i\000n\000g\000u\000l\000a\000r\000\040\000P\000o\000i\000n\000t\000s}{section.25}% 83
\BOOKMARK [1][-]{section.26}{\376\377\000C\000h\000a\000p\000t\000e\000r\000:\000\040\000T\000h\000e\000\040\000G\000e\000o\000m\000e\000t\000r\000y\000\040\000o\000f\000\040\000F\000i\000b\000e\000r\000\040\000B\000u\000n\000d\000l\000e\000s}{}% 84
\BOOKMARK [1][-]{section.27}{\376\377\000F\000u\000n\000d\000a\000m\000e\000n\000t\000a\000l\000\040\000C\000o\000n\000s\000t\000r\000u\000c\000t\000i\000o\000n\000s}{}% 85
\BOOKMARK [2][-]{subsection.27.1}{\376\377\000P\000r\000o\000p\000e\000r\000t\000i\000e\000s\000\040\000o\000f\000\040\000t\000h\000e\000\040\000S\000p\000a\000c\000e\000\040\000o\000f\000\040\000V\000e\000c\000t\000o\000r\000\040\000F\000i\000e\000l\000d\000s}{section.27}% 86
\BOOKMARK [2][-]{subsection.27.2}{\376\377\000T\000h\000e\000\040\000N\000o\000r\000m\000a\000l\000\040\000B\000u\000n\000d\000l\000e}{section.27}% 87
\BOOKMARK [1][-]{section.28}{\376\377\000S\000m\000o\000o\000t\000h\000\040\000F\000i\000b\000e\000r\000\040\000B\000u\000n\000d\000l\000e\000s}{}% 88
\BOOKMARK [2][-]{subsection.28.1}{\376\377\000B\000a\000s\000i\000c\000\040\000S\000t\000r\000u\000c\000t\000u\000r\000e\000s}{section.28}% 89
\BOOKMARK [2][-]{subsection.28.2}{\376\377\000T\000h\000e\000\040\000J\000e\000t\000\040\000B\000u\000n\000d\000l\000e}{section.28}% 90
\BOOKMARK [1][-]{section.29}{\376\377\000S\000m\000o\000o\000t\000h\000\040\000P\000r\000i\000n\000c\000i\000p\000l\000e\000\040\000B\000u\000n\000d\000l\000e\000s}{}% 91
\BOOKMARK [2][-]{subsection.29.1}{\376\377\000B\000a\000s\000i\000c\000\040\000S\000t\000r\000u\000c\000t\000u\000r\000e\000s}{section.29}% 92
\BOOKMARK [2][-]{subsection.29.2}{\376\377\000C\000o\000n\000n\000e\000c\000t\000i\000o\000n\000s\000\040\000o\000n\000\040\000a\000\040\000P\000r\000i\000n\000c\000i\000p\000a\000l\000\040\000B\000u\000n\000d\000l\000e}{section.29}% 93
\BOOKMARK [2][-]{subsection.29.3}{\376\377\000T\000h\000e\000\040\000C\000h\000e\000r\000n\000-\000W\000e\000i\000l\000\040\000H\000o\000m\000o\000m\000o\000r\000p\000h\000i\000s\000m}{section.29}% 94
\BOOKMARK [1][-]{section.30}{\376\377\000T\000h\000e\000\040\000L\000o\000g\000i\000c\000a\000l\000\040\000C\000h\000a\000i\000n\000\040\000o\000f\000\040\000C\000l\000a\000s\000s\000i\000c\000a\000l\000\040\000F\000i\000e\000l\000d\000\040\000T\000h\000e\000o\000r\000y\000\040\000a\000n\000d\000\040\000G\000a\000u\000g\000e\000\040\000T\000h\000e\000o\000r\000y}{}% 95
\BOOKMARK [1][-]{section.31}{\376\377\000I\000n\000t\000e\000r\000s\000e\000c\000t\000i\000o\000n\000\040\000T\000h\000e\000o\000r\000y}{}% 96
\BOOKMARK [2][-]{subsection.31.1}{\376\377\000T\000h\000e\000\040\000D\000i\000v\000i\000s\000o\000r\000\040\000o\000f\000\040\000a\000\040\000R\000a\000t\000i\000o\000n\000a\000l\000\040\000F\000u\000n\000c\000t\000i\000o\000n}{section.31}% 97
\BOOKMARK [2][-]{subsection.31.2}{\376\377\000T\000h\000e\000\040\000C\000h\000o\000w\000\040\000G\000r\000o\000u\000p\000s}{section.31}% 98
\BOOKMARK [2][-]{subsection.31.3}{\376\377\000T\000h\000e\000\040\000R\000i\000n\000g\000\040\000S\000t\000r\000u\000c\000t\000u\000r\000e}{section.31}% 99
\BOOKMARK [2][-]{subsection.31.4}{\376\377\000P\000u\000s\000h\000f\000o\000w\000a\000r\000d\000\040\000a\000n\000d\000\040\000P\000u\000l\000l\000b\000a\000c\000k\000\040\000o\000f\000\040\000C\000y\000c\000l\000e\000s}{section.31}% 100
\BOOKMARK [1][-]{section.32}{\376\377\000A\000l\000g\000e\000b\000r\000a\000i\000c\000\040\000d\000e\000\040\000R\000h\000a\000m\000\040\000C\000o\000h\000o\000m\000o\000l\000o\000g\000y}{}% 101
\BOOKMARK [2][-]{subsection.32.1}{\376\377\000H\000o\000d\000g\000e\000\040\000d\000e\000\040\000R\000h\000a\000m\000\040\000S\000p\000e\000c\000t\000r\000a\000l\000\040\000S\000e\000q\000u\000e\000n\000c\000e\000s}{section.32}% 102
\BOOKMARK [2][-]{subsection.32.2}{\376\377\000F\000l\000a\000t\000\040\000C\000o\000n\000n\000e\000c\000t\000i\000o\000n\000s}{section.32}% 103
\BOOKMARK [1][-]{section.33}{\376\377\000D\000e\000f\000o\000r\000m\000a\000t\000i\000o\000n\000\040\000o\000f\000\040\000M\000a\000n\000i\000f\000o\000l\000d\000\040\000S\000t\000r\000u\000c\000t\000u\000r\000e\000s}{}% 104
\BOOKMARK [2][-]{subsection.33.1}{}{section.33}% 105
\BOOKMARK [2][-]{subsection.33.2}{\376\377\000M\000i\000c\000r\000o\000b\000u\000n\000d\000l\000e\000s}{section.33}% 106
\BOOKMARK [2][-]{subsection.33.3}{\376\377\000T\000h\000e\000\040\000T\000a\000n\000g\000e\000n\000t\000\040\000M\000i\000c\000r\000o\000b\000u\000n\000d\000l\000e}{section.33}% 107
\BOOKMARK [2][-]{subsection.33.4}{\376\377\000T\000h\000e\000\040\000K\000i\000r\000b\000y\000-\000S\000i\000e\000b\000e\000n\000m\000a\000n\000n\000\040\000C\000l\000a\000s\000s}{section.33}% 108
\BOOKMARK [2][-]{subsection.33.5}{\376\377\000T\000h\000e\000\040\000L\000o\000w\000\040\000D\000i\000m\000e\000n\000s\000i\000o\000n\000a\000l\000\040\000C\000a\000s\000e}{section.33}% 109
\BOOKMARK [1][-]{section.34}{\376\377\000R\000a\000t\000i\000o\000n\000a\000l\000\040\000H\000o\000m\000o\000t\000o\000p\000y\000\040\000T\000h\000e\000o\000r\000y}{}% 110
\BOOKMARK [2][-]{subsection.34.1}{\376\377\000H\000o\000m\000o\000l\000o\000g\000y\000\040\000w\000i\000t\000h\000\040\000C\000o\000e\000f\000f\000i\000c\000i\000e\000n\000t\000s\000\040\000i\000n\000\040\000a\000\040\000S\000u\000b\000r\000i\000n\000g\000\040\000o\000f\000\040\000Q}{section.34}% 111
\BOOKMARK [2][-]{subsection.34.2}{\376\377\000P\000-\000L\000o\000c\000a\000l\000\040\000M\000o\000d\000u\000l\000e\000s}{section.34}% 112
\BOOKMARK [2][-]{subsection.34.3}{\376\377\000P\000-\000L\000o\000c\000a\000l\000\040\000S\000p\000a\000c\000e\000s}{section.34}% 113
\BOOKMARK [2][-]{subsection.34.4}{\376\377\000R\000a\000t\000i\000o\000n\000a\000l\000\040\000H\000o\000m\000o\000t\000o\000p\000y\000\040\000E\000q\000u\000i\000v\000a\000l\000e\000n\000c\000e}{section.34}% 114
\BOOKMARK [1][-]{section.35}{\376\377\000T\000o\000p\000i\000c\000s\000\040\000i\000n\000\040\000S\000i\000m\000p\000l\000i\000c\000i\000a\000l\000\040\000H\000o\000m\000o\000l\000o\000g\000y}{}% 115
\BOOKMARK [2][-]{subsection.35.1}{}{section.35}% 116
\BOOKMARK [1][-]{section.36}{\376\377\000N\000e\000w\000t\000o\000n\000i\000a\000n\000\040\000M\000e\000c\000h\000a\000n\000i\000c\000s}{}% 117
\BOOKMARK [2][-]{subsection.36.1}{\376\377\000G\000a\000l\000i\000l\000e\000a\000n\000\040\000S\000p\000a\000c\000e}{section.36}% 118
\BOOKMARK [2][-]{subsection.36.2}{\376\377\000N\000e\000w\000t\000o\000n\000'\000s\000\040\000L\000a\000w\000s\000\040\000a\000n\000d\000\040\000E\000q\000u\000a\000t\000i\000o\000n\000\040\000o\000f\000\040\000M\000o\000t\000i\000o\000n}{section.36}% 119
\BOOKMARK [2][-]{subsection.36.3}{\376\377\000G\000r\000a\000v\000i\000t\000a\000t\000i\000o\000n\000a\000l\000\040\000F\000o\000r\000c\000e}{section.36}% 120
\BOOKMARK [1][-]{section.37}{\376\377\000L\000a\000g\000r\000a\000n\000g\000i\000a\000n\000\040\000M\000e\000c\000h\000a\000n\000i\000c\000s}{}% 121
\BOOKMARK [2][-]{subsection.37.1}{\376\377\000C\000o\000n\000f\000i\000g\000u\000r\000a\000t\000i\000o\000n\000\040\000S\000p\000a\000c\000e}{section.37}% 122
\BOOKMARK [2][-]{subsection.37.2}{\376\377\000T\000h\000e\000\040\000E\000u\000l\000e\000r\000\040\000L\000a\000g\000r\000a\000n\000g\000e\000\040\000O\000p\000e\000r\000a\000t\000o\000r}{section.37}% 123
\BOOKMARK [2][-]{subsection.37.3}{\376\377\000S\000y\000m\000m\000e\000t\000r\000i\000e\000s\000\040\000a\000n\000d\000\040\000N\000o\000e\000t\000h\000e\000r\000'\000s\000\040\000T\000h\000e\000o\000r\000e\000m}{section.37}% 124
\BOOKMARK [1][-]{section.38}{\376\377\000H\000a\000m\000i\000l\000t\000o\000n\000i\000a\000n\000\040\000M\000e\000c\000h\000a\000n\000i\000c\000s}{}% 125
\BOOKMARK [1][-]{section.39}{\376\377\000K\000\040\000T\000h\000e\000o\000r\000y}{}% 126
\BOOKMARK [2][-]{subsection.39.1}{}{section.39}% 127
